Archive member included because of file (symbol)

/home/zhou/WZ405/405_project/mpp/out/liteos/dsp/dsp0/liteos/liteos/out/dsp/lib/liblitekernel.a(los_event.o)
                              ./svp_dsp_runtime.o (LOS_EventInit)
/home/zhou/WZ405/405_project/mpp/out/liteos/dsp/dsp0/liteos/liteos/out/dsp/lib/liblitekernel.a(los_priqueue.o)
                              /home/zhou/WZ405/405_project/mpp/out/liteos/dsp/dsp0/liteos/liteos/out/dsp/lib/liblitekernel.a(los_event.o) (osPriqueueEnqueue)
/home/zhou/WZ405/405_project/mpp/out/liteos/dsp/dsp0/liteos/liteos/out/dsp/lib/liblitekernel.a(los_task.o)
                              /home/zhou/WZ405/405_project/mpp/out/liteos/dsp/dsp0/liteos/liteos/out/dsp/lib/liblitekernel.a(los_event.o) (g_stLosTask)
/home/zhou/WZ405/405_project/mpp/out/liteos/dsp/dsp0/liteos/liteos/out/dsp/lib/liblitekernel.a(los_memory.o)
                              /home/zhou/WZ405/405_project/mpp/out/liteos/dsp/dsp0/liteos/liteos/out/dsp/lib/liblitekernel.a(los_priqueue.o) (m_aucSysMem0)
/home/zhou/WZ405/405_project/mpp/out/liteos/dsp/dsp0/liteos/liteos/out/dsp/lib/liblitekernel.a(los_memstat.o)
                              /home/zhou/WZ405/405_project/mpp/out/liteos/dsp/dsp0/liteos/liteos/out/dsp/lib/liblitekernel.a(los_memory.o) (osTaskMemUsedInc)
/home/zhou/WZ405/405_project/mpp/out/liteos/dsp/dsp0/liteos/liteos/out/dsp/lib/liblitekernel.a(los_multipledlinkhead.o)
                              /home/zhou/WZ405/405_project/mpp/out/liteos/dsp/dsp0/liteos/liteos/out/dsp/lib/liblitekernel.a(los_memory.o) (osDLnkInitMultiHead)
/home/zhou/WZ405/405_project/mpp/out/liteos/dsp/dsp0/liteos/liteos/out/dsp/lib/liblitekernel.a(los_misc.o)
                              /home/zhou/WZ405/405_project/mpp/out/liteos/dsp/dsp0/liteos/liteos/out/dsp/lib/liblitekernel.a(los_task.o) (LOS_Align)
/home/zhou/WZ405/405_project/mpp/out/liteos/dsp/dsp0/liteos/liteos/out/dsp/lib/liblitekernel.a(task_shellcmd.o)
                              /home/zhou/WZ405/405_project/mpp/out/liteos/dsp/dsp0/liteos/liteos/out/dsp/lib/liblitekernel.a(los_task.o) (osShellCmdConvertTskStatus)
/home/zhou/WZ405/405_project/mpp/out/liteos/dsp/dsp0/liteos/liteos/out/dsp/lib/liblitekernel.a(los_sem.o)
                              /home/zhou/WZ405/405_project/mpp/out/liteos/dsp/dsp0/liteos/liteos/out/dsp/lib/liblitekernel.a(los_task.o) (LOS_SemPost)
/home/zhou/WZ405/405_project/mpp/out/liteos/dsp/dsp0/liteos/liteos/out/dsp/lib/liblitekernel.a(los_sys.o)
                              /home/zhou/WZ405/405_project/mpp/out/liteos/dsp/dsp0/liteos/liteos/out/dsp/lib/liblitekernel.a(los_misc.o) (LOS_MS2Tick)
/home/zhou/WZ405/405_project/mpp/out/liteos/dsp/dsp0/liteos/liteos/out/dsp/lib/liblitekernel.a(los_tick.o)
                              /home/zhou/WZ405/405_project/mpp/out/liteos/dsp/dsp0/liteos/liteos/out/dsp/lib/liblitekernel.a(los_sys.o) (g_ullTickCount)
/home/zhou/WZ405/405_project/mpp/out/liteos/dsp/dsp0/liteos/liteos/out/dsp/lib/liblitekernel.a(los_timeslice.o)
                              /home/zhou/WZ405/405_project/mpp/out/liteos/dsp/dsp0/liteos/liteos/out/dsp/lib/liblitekernel.a(los_tick.o) (osTimesliceCheck)
/home/zhou/WZ405/405_project/mpp/out/liteos/dsp/dsp0/liteos/liteos/out/dsp/lib/liblitekernel.a(los_err.o)
                              /home/zhou/WZ405/405_project/mpp/out/liteos/dsp/dsp0/liteos/liteos/out/dsp/lib/liblitekernel.a(los_sem.o) (LOS_ErrHandle)
/home/zhou/WZ405/405_project/mpp/out/liteos/dsp/dsp0/liteos/liteos/out/dsp/lib/liblitekernel.a(los_swtmr.o)
                              /home/zhou/WZ405/405_project/mpp/out/liteos/dsp/dsp0/liteos/liteos/out/dsp/lib/liblitekernel.a(los_tick.o) (osSwtmrScan)
/home/zhou/WZ405/405_project/mpp/out/liteos/dsp/dsp0/liteos/liteos/out/dsp/lib/liblitekernel.a(los_membox.o)
                              /home/zhou/WZ405/405_project/mpp/out/liteos/dsp/dsp0/liteos/liteos/out/dsp/lib/liblitekernel.a(los_swtmr.o) (LOS_MemboxInit)
/home/zhou/WZ405/405_project/mpp/out/liteos/dsp/dsp0/liteos/liteos/out/dsp/lib/liblitekernel.a(los_queue.o)
                              /home/zhou/WZ405/405_project/mpp/out/liteos/dsp/dsp0/liteos/liteos/out/dsp/lib/liblitekernel.a(los_swtmr.o) (LOS_QueueCreate)
/home/zhou/WZ405/405_project/mpp/out/liteos/dsp/dsp0/liteos/liteos/out/dsp/lib/libcpup.a(los_cpup.o)
                              /home/zhou/WZ405/405_project/mpp/out/liteos/dsp/dsp0/liteos/liteos/out/dsp/lib/liblitekernel.a(los_task.o) (g_pstCpup)
/home/zhou/WZ405/405_project/mpp/out/liteos/dsp/dsp0/liteos/liteos/out/dsp/lib/libdspcore.a(los_exc.o)
                              /home/zhou/WZ405/405_project/mpp/out/liteos/dsp/dsp0/liteos/liteos/out/dsp/lib/liblitekernel.a(los_memory.o) (LOS_Panic)
/home/zhou/WZ405/405_project/mpp/out/liteos/dsp/dsp0/liteos/liteos/out/dsp/lib/libdspcore.a(los_hw.o)
                              /home/zhou/WZ405/405_project/mpp/out/liteos/dsp/dsp0/liteos/liteos/out/dsp/lib/liblitekernel.a(los_task.o) (osSchedule)
[...]
Memory Configuration

Name             Origin             Length             Attributes
dram0_3_seg      0x15101000         0x00003000
dram0_2_seg      0x15104000         0x0000c000
dram0_0_seg      0x15110000         0x00030000
dram1_0_seg      0x15210000         0x00030000
RESET_seg        0x40000000         0x00000300
WINDOW_seg       0x40000400         0x00000178
LEVEL2_LIT_seg   0x40000578         0x00000008
LEVEL2_seg       0x40000580         0x00000038
DEBUG_LIT_seg    0x400005b8         0x00000008
DEBUG_seg        0x400005c0         0x00000038
NMI_LIT_seg      0x400005f8         0x00000008
NMI_seg          0x40000600         0x00000038
KERNEL_LIT_seg   0x40000638         0x00000008
KERNEL_seg       0x40000640         0x00000038
USER_LIT_seg     0x40000678         0x00000008
USER_seg         0x40000680         0x00000038
DOUBLE_LIT_seg   0x400006b8         0x00000048
DOUBLE_seg       0x40000700         0x00000040
IRAM0_LIT_seg    0x40000740         0x000000c0
IRAM0_seg        0x40000800         0x00007800
SRAM_00_seg      0x40208000         0x00300000
SRAM_01_seg      0x40508000         0x00900000
SRAM_02_seg      0x40e08000         0x00100000
sram0_seg        0x40f08000         0x00200000
*default*        0x00000000         0xffffffff

Linker script and memory map

LOAD ./svp_dsp_runtime.o
LOAD ./svp_dsp_buf.o
START GROUP
LOAD /home/zhou/WZ405/405_project/mpp/out/liteos/dsp/dsp0/liteos/liteos/out/dsp/lib/liblitekernel.a
LOAD /home/zhou/WZ405/405_project/mpp/out/liteos/dsp/dsp0/liteos/liteos/out/dsp/lib/libcpup.a
LOAD /home/zhou/WZ405/405_project/mpp/out/liteos/dsp/dsp0/liteos/liteos/out/dsp/lib/libdspcore.a
LOAD /home/zhou/WZ405/405_project/mpp/out/liteos/dsp/dsp0/liteos/liteos/out/dsp/lib/libdsp.a
LOAD /home/zhou/WZ405/405_project/mpp/out/liteos/dsp/dsp0/liteos/liteos/out/dsp/lib/libbspcommon.a
LOAD /home/zhou/WZ405/405_project/mpp/out/liteos/dsp/dsp0/liteos/liteos/out/dsp/lib/libcmsis.a
LOAD /home/zhou/WZ405/405_project/mpp/out/liteos/dsp/dsp0/liteos/liteos/out/dsp/lib/libposix.a
LOAD /home/zhou/WZ405/405_project/mpp/out/liteos/dsp/dsp0/liteos/liteos/out/dsp/lib/libuart.a
LOAD /home/zhou/WZ405/405_project/mpp/out/liteos/dsp/dsp0/liteos/liteos/out/dsp/lib/libshell.a
LOAD /home/zhou/WZ405/405_project/mpp/out/liteos/dsp/dsp0/lib/libdsp_lib.a
LOAD /home/zhou/WZ405/405_project/mpp/out/liteos/dsp/dsp0/algo/libdsp_algo.a
LOAD /home/zhou/WZ405/405_project/mpp/out/liteos/dsp/dsp0/algo/libdsp_photo.a
LOAD /home/zhou/WZ405/405_project/mpp/out/liteos/dsp/dsp0/algo/libdetail_dsp.a
LOAD /home/zhou/WZ405/405_project/mpp/out/liteos/dsp/dsp0/algo/libhdr_dsp.a
LOAD /home/zhou/WZ405/405_project/mpp/out/liteos/dsp/dsp0/algo/libmfnr_dsp.a
LOAD /home/zhou/WZ405/405_project/mpp/out/liteos/dsp/dsp0/algo/libsfnr_dsp.a
LOAD /home/zhou/WZ405/405_project/mpp/out/liteos/dsp/dsp0/dccs/libdsp_dccs.a
LOAD /home/zhou/WZ405/405_project/mpp/out/liteos/dsp/dsp0/liteos/ipcm/out/node_2/libipcm.a
LOAD /opt/xtensa/RG-2016.4-linux/VP60_1124/xtensa-elf/lib/libc.a
LOAD /opt/xtensa/RG-2016.4-linux/VP60_1124/xtensa-elf/lib/libgloss.a
LOAD /opt/xtensa/RG-2016.4-linux/VP60_1124/xtensa-elf/lib/xcc/libgcc.a
LOAD /opt/xtensa/RG-2016.4-linux/VP60_1124/xtensa-elf/lib/libm.a
LOAD /opt/xtensa/RG-2016.4-linux/VP60_1124/xtensa-elf/lib/libidma-xtos.a
LOAD /opt/xtensa/RG-2016.4-linux/VP60_1124/xtensa-elf/lib/libxtutil.a
LOAD /opt/xtensa/RG-2016.4-linux/VP60_1124/xtensa-elf/arch/lib/libhandler-reset.a
LOAD /opt/xtensa/RG-2016.4-linux/VP60_1124/xtensa-elf/arch/lib/libhandlers-board.a
LOAD /opt/xtensa/RG-2016.4-linux/VP60_1124/xtensa-elf/arch/lib/libhal.a
END GROUP
                0x40208000                _memmap_mem_SRAM_00_start = 0x40208000
                0x40508000                _memmap_mem_SRAM_00_end = 0x40508000
                0x40508000                _memmap_mem_SRAM_01_start = 0x40508000
                0x40e08000                _memmap_mem_SRAM_01_end = 0x40e08000
                0x40e08000                _memmap_mem_SRAM_02_start = 0x40e08000
                0x40f08000                _memmap_mem_SRAM_02_end = 0x40f08000
                0x40f08000                _memmap_mem_sram_start = 0x40f08000
                0x41108000                _memmap_mem_sram_end = 0x41108000
                0x15100000                _memmap_mem_dram0_start = 0x15100000
                0x15140000                _memmap_mem_dram0_end = 0x15140000
                0x15210000                _memmap_mem_dram1_start = 0x15210000
                0x15240000                _memmap_mem_dram1_end = 0x15240000
                0x40000000                _memmap_mem_fixvector_start = 0x40000000
                0x40000300                _memmap_mem_fixvector_end = 0x40000300
                0x40000400                _memmap_mem_iram0_start = 0x40000400
                0x40008000                _memmap_mem_iram0_end = 0x40008000
                0x15101000                _memmap_seg_dram0_3_start = 0x15101000
                0x15104000                _memmap_seg_dram0_3_max = 0x15104000
                0x15104000                _memmap_seg_dram0_2_start = 0x15104000
                0x15110000                _memmap_seg_dram0_2_max = 0x15110000
                0x15110000                _memmap_seg_dram0_0_start = 0x15110000
                0x15140000                _memmap_seg_dram0_0_max = 0x15140000
                0x15210000                _memmap_seg_dram1_0_start = 0x15210000
                0x15240000                _memmap_seg_dram1_0_max = 0x15240000
                0x40000000                _memmap_seg_RESET_start = 0x40000000
                0x40000300                _memmap_seg_RESET_max = 0x40000300
                0x40000400                _memmap_seg_WINDOW_start = 0x40000400
                0x40000578                _memmap_seg_WINDOW_max = 0x40000578
                0x40000578                _memmap_seg_LEVEL2_LIT_start = 0x40000578
                0x40000580                _memmap_seg_LEVEL2_LIT_max = 0x40000580
                0x40000580                _memmap_seg_LEVEL2_start = 0x40000580
                0x400005b8                _memmap_seg_LEVEL2_max = 0x400005b8
                0x400005b8                _memmap_seg_DEBUG_LIT_start = 0x400005b8
                0x400005c0                _memmap_seg_DEBUG_LIT_max = 0x400005c0
                0x400005c0                _memmap_seg_DEBUG_start = 0x400005c0
                0x400005f8                _memmap_seg_DEBUG_max = 0x400005f8
                0x400005f8                _memmap_seg_NMI_LIT_start = 0x400005f8
                0x40000600                _memmap_seg_NMI_LIT_max = 0x40000600
                0x40000600                _memmap_seg_NMI_start = 0x40000600
                0x40000638                _memmap_seg_NMI_max = 0x40000638
                0x40000638                _memmap_seg_KERNEL_LIT_start = 0x40000638
                0x40000640                _memmap_seg_KERNEL_LIT_max = 0x40000640
                0x40000640                _memmap_seg_KERNEL_start = 0x40000640
                0x40000678                _memmap_seg_KERNEL_max = 0x40000678
                0x40000678                _memmap_seg_USER_LIT_start = 0x40000678
                0x40000680                _memmap_seg_USER_LIT_max = 0x40000680
                0x40000680                _memmap_seg_USER_start = 0x40000680
                0x400006b8                _memmap_seg_USER_max = 0x400006b8
                0x400006b8                _memmap_seg_DOUBLE_LIT_start = 0x400006b8
                0x40000700                _memmap_seg_DOUBLE_LIT_max = 0x40000700
                0x40000700                _memmap_seg_DOUBLE_start = 0x40000700
                0x40000740                _memmap_seg_DOUBLE_max = 0x40000740
                0x40000740                _memmap_seg_IRAM0_LIT_start = 0x40000740
                0x40000800                _memmap_seg_IRAM0_LIT_max = 0x40000800
                0x40000800                _memmap_seg_IRAM0_start = 0x40000800
                0x40008000                _memmap_seg_IRAM0_max = 0x40008000
                0x40208000                _memmap_seg_SRAM_00_start = 0x40208000
                0x40508000                _memmap_seg_SRAM_00_max = 0x40508000
                0x40508000                _memmap_seg_SRAM_01_start = 0x40508000
                0x40e08000                _memmap_seg_SRAM_01_max = 0x40e08000
                0x40e08000                _memmap_seg_SRAM_02_start = 0x40e08000
                0x40f08000                _memmap_seg_SRAM_02_max = 0x40f08000
                0x40f08000                _memmap_seg_sram0_start = 0x40f08000
                0x41108000                _memmap_seg_sram0_max = 0x41108000
                0x00000000                _rom_store_table = 0x0
                0x40000400                PROVIDE (_memmap_vecbase_reset, 0x40000400)
                0x40000000                PROVIDE (_memmap_reset_vector, 0x40000000)
                0x00000104                _memmap_cacheattr_wb_base = 0x104
                0x00000304                _memmap_cacheattr_wt_base = 0x304
                0x00000404                _memmap_cacheattr_bp_base = 0x404
                0xfffff0f0                _memmap_cacheattr_unused_mask = 0xfffff0f0
                0x44444144                _memmap_cacheattr_wb_trapnull = 0x44444144
                0x44444144                _memmap_cacheattr_wba_trapnull = 0x44444144
                0x44444244                _memmap_cacheattr_wbna_trapnull = 0x44444244
                0x44444344                _memmap_cacheattr_wt_trapnull = 0x44444344
                0x44444444                _memmap_cacheattr_bp_trapnull = 0x44444444
                0x00000104                _memmap_cacheattr_wb_strict = 0x104
                0x00000304                _memmap_cacheattr_wt_strict = 0x304
                0x00000404                _memmap_cacheattr_bp_strict = 0x404
                0x44444144                _memmap_cacheattr_wb_allvalid = 0x44444144
                0x44444344                _memmap_cacheattr_wt_allvalid = 0x44444344
                0x44444444                _memmap_cacheattr_bp_allvalid = 0x44444444
                0x44444144                PROVIDE (_memmap_cacheattr_reset, _memmap_cacheattr_wb_trapnull)
                0x15100000                _stack_sentry = 0x15100000
                0x15101000                PROVIDE (__stack, 0x15101000)

.dram0_3.rodata
                0x15101000        0x0
                0x15101000                _dram0_3_rodata_start = ABSOLUTE (.)
 *(.dram0_3.rodata)
                0x15101000                _dram0_3_rodata_end = ABSOLUTE (.)

.dram0_3.literal
                0x15101000        0x0
                0x15101000                _dram0_3_literal_start = ABSOLUTE (.)
 *(.dram0_3.literal)
                0x15101000                _dram0_3_literal_end = ABSOLUTE (.)

.dram0_3.data   0x15101000      0xc84
                0x15101000                _dram0_3_data_start = ABSOLUTE (.)
 *(.dram0_3.data)
 .dram0_3.data  0x15101000      0x224 /home/zhou/WZ405/405_project/mpp/out/liteos/dsp/dsp0/algo/libdetail_dsp.a(tile_manager_imedia.o)
                0x15101000                PINGBANK0_SIZE
                0x15101010                PONGBANK0_SIZE
                0x15101020                PONGBANK1_SIZE
                0x15101030                cbData
                0x15101040                dmaObj
                0x151011d0                g_dma_index
                0x151011e0                PingBank0
                0x151011f0                PingBank1
                0x15101200                PongBank0
                0x15101210                PongBank1
                0x15101220                PINGBANK1_SIZE
 *fill*         0x15101224        0xc 
 .dram0_3.data  0x15101230        0x4 /home/zhou/WZ405/405_project/mpp/out/liteos/dsp/dsp0/algo/libhdr_dsp.a(CalcDescriptorTile.o)
                0x15101230                g_lut_dw_ivp
 *fill*         0x15101234        0xc 
 .dram0_3.data  0x15101240      0x114 /home/zhou/WZ405/405_project/mpp/out/liteos/dsp/dsp0/algo/libhdr_dsp.a(surf.o)
                0x15101240                g_col_sel1
                0x15101280                g_col_sel2
                0x151012c0                g_col_sel3
                0x15101300                g_col_sel4
                0x15101340                g_filter_size
                0x15101350                g_kpt_ivp
 *fill*         0x15101354       0x2c 
 .dram0_3.data  0x15101380      0x784 /home/zhou/WZ405/405_project/mpp/out/liteos/dsp/dsp0/algo/libhdr_dsp.a(CalcDetectionLayerTile.o)
                0x15101380                g_sel_rotate
                0x15101980                selArray
                0x15101a00                g_key_resps_arr
                0x15101b00                g_kpt_col_ofst
 *fill*         0x15101b04        0xc 
 .dram0_3.data  0x15101b10       0x44 /home/zhou/WZ405/405_project/mpp/out/liteos/dsp/dsp0/algo/libmfnr_dsp.a(surf.o)
                0x15101b10                g_nKpts2ps
                0x15101b20                gar_kpt_count_ivp_Qd
                0x15101b30                gar_th_perQD
                0x15101b40                u8ThQdInitFlag
                0x15101b50                kptIvp
 *fill*         0x15101b54        0xc 
 .dram0_3.data  0x15101b60        0x4 /home/zhou/WZ405/405_project/mpp/out/liteos/dsp/dsp0/algo/libmfnr_dsp.a(CalcDescriptorTile.o)
                0x15101b60                LUT_DW_IVP
 *fill*         0x15101b64       0x1c 
 .dram0_3.data  0x15101b80      0x104 /home/zhou/WZ405/405_project/mpp/out/liteos/dsp/dsp0/algo/libmfnr_dsp.a(CalcDetectionLayerTile.o)
                0x15101b80                key_resps_arr
                0x15101c80                g_kptColOfst
                0x15101c84                _dram0_3_data_end = ABSOLUTE (.)

.dram0_3.bss    0x15101c88        0x0
                0x15101c88                . = ALIGN (0x8)
                0x15101c88                _dram0_3_bss_start = ABSOLUTE (.)
 *(.dram0_3.bss)
                0x15101c88                . = ALIGN (0x8)
                0x15101c88                _dram0_3_bss_end = ABSOLUTE (.)
                0x15101c88                _memmap_seg_dram0_3_end = ALIGN (0x8)

.dram0_2.rodata
                0x15104000        0x0
                0x15104000                _dram0_2_rodata_start = ABSOLUTE (.)
 *(.dram0_2.rodata)
                0x15104000                _dram0_2_rodata_end = ABSOLUTE (.)

.dram0_2.literal
                0x15104000        0x0
                0x15104000                _dram0_2_literal_start = ABSOLUTE (.)
 *(.dram0_2.literal)
                0x15104000                _dram0_2_literal_end = ABSOLUTE (.)

.dram0_2.data   0x15104000     0xc000
                0x15104000                _dram0_2_data_start = ABSOLUTE (.)
 *(.dram0_2.data)
 .dram0_2.data  0x15104000     0xc000 /home/zhou/WZ405/405_project/mpp/out/liteos/dsp/dsp0/liteos/liteos/out/dsp/lib/libdsp.a(los_config.o)
                0x15104000                m_aucSysStack0
                0x15110000                _dram0_2_data_end = ABSOLUTE (.)

.dram0_2.bss    0x15110000        0x0
                0x15110000                . = ALIGN (0x8)
                0x15110000                _dram0_2_bss_start = ABSOLUTE (.)
 *(.dram0_2.bss)
                0x15110000                . = ALIGN (0x8)
                0x15110000                _dram0_2_bss_end = ABSOLUTE (.)
                0x15110000                _memmap_seg_dram0_2_end = ALIGN (0x8)

.dram0.rodata   0x15110000        0x0
                0x15110000                _dram0_rodata_start = ABSOLUTE (.)
 *(.dram0.rodata)
                0x15110000                _dram0_rodata_end = ABSOLUTE (.)

.dram0.literal  0x15110000        0x0
                0x15110000                _dram0_literal_start = ABSOLUTE (.)
 *(.dram0.literal)
                0x15110000                _dram0_literal_end = ABSOLUTE (.)

.dram0.data     0x15110000    0x2df98
                0x15110000                _dram0_data_start = ABSOLUTE (.)
 *(.dram0.data)
 .dram0.data    0x15110000    0x2d480 /home/zhou/WZ405/405_project/mpp/out/liteos/dsp/dsp0/algo/libdsp_algo.a(svp_dsp_tm.o)
                0x15110000                s_pvIdmaObjBuff
 .dram0.data    0x1513d480      0x464 /home/zhou/WZ405/405_project/mpp/out/liteos/dsp/dsp0/algo/libdetail_dsp.a(tile_manager_imedia.o)
                0x1513d480                idmaObjBuff
                0x1513d8c0                g_pst_xvTMobj
                0x1513d8d0                g_ptr_BankBuffPool0
                0x1513d8e0                g_ptr_BankBuffPool1
 *fill*         0x1513d8e4       0x1c 
 .dram0.data    0x1513d900      0x320 /home/zhou/WZ405/405_project/mpp/out/liteos/dsp/dsp0/algo/libhdr_dsp.a(CalcDescriptorTile.o)
                0x1513d900                LUT_DW_LM
 *fill*         0x1513dc20       0x20 
 .dram0.data    0x1513dc40      0x320 /home/zhou/WZ405/405_project/mpp/out/liteos/dsp/dsp0/algo/libmfnr_dsp.a(CalcDescriptorTile.o)
                0x1513dc40                LUT_DW_LM_EIS
 .dram0.data    0x1513df60       0x38 /opt/xtensa/RG-2016.4-linux/VP60_1124/xtensa-elf/lib/libidma-xtos.a(idma.xtos.o)
                0x1513df60                idma_cntrl
                0x1513df94                _idma_buf_ptr
                0x1513df98                _dram0_data_end = ABSOLUTE (.)

.dram0.bss      0x1513df98        0x0
                0x1513df98                . = ALIGN (0x8)
                0x1513df98                _dram0_bss_start = ABSOLUTE (.)
 *(.dram0.bss)
                0x1513df98                . = ALIGN (0x8)
                0x1513df98                _dram0_bss_end = ABSOLUTE (.)
                0x1513df98                _memmap_seg_dram0_0_end = ALIGN (0x8)

.dram1.rodata   0x15210000        0x0
                0x15210000                _dram1_rodata_start = ABSOLUTE (.)
 *(.dram1.rodata)
                0x15210000                _dram1_rodata_end = ABSOLUTE (.)

.dram1.literal  0x15210000        0x0
                0x15210000                _dram1_literal_start = ABSOLUTE (.)
 *(.dram1.literal)
                0x15210000                _dram1_literal_end = ABSOLUTE (.)

.dram1.data     0x15210000    0x2ddc0
                0x15210000                _dram1_data_start = ABSOLUTE (.)
 *(.dram1.data)
 .dram1.data    0x15210000    0x2ddc0 /home/zhou/WZ405/405_project/mpp/out/liteos/dsp/dsp0/algo/libdsp_algo.a(svp_dsp_tm.o)
                0x1523ddc0                _dram1_data_end = ABSOLUTE (.)

.dram1.bss      0x1523ddc0        0x0
                0x1523ddc0                . = ALIGN (0x8)
                0x1523ddc0                _dram1_bss_start = ABSOLUTE (.)
 *(.dram1.bss)
                0x1523ddc0                . = ALIGN (0x8)
                0x1523ddc0                _dram1_bss_end = ABSOLUTE (.)
                0x1523ddc0                _memmap_seg_dram1_0_end = ALIGN (0x8)

.ResetVector.text
                0x40000000        0x0
                0x40000000                _ResetVector_text_start = ABSOLUTE (.)
 *(.ResetVector.text)
                0x40000000                _ResetVector_text_end = ABSOLUTE (.)

.PostResetVector.text
                0x40000000       0xf0
                0x40000000                _PostResetVector_text_start = ABSOLUTE (.)
 *(.PostResetVector.text)
 .PostResetVector.text
                0x40000000       0xf0 /home/zhou/WZ405/405_project/mpp/out/liteos/dsp/dsp0/liteos/liteos/out/dsp/lib/libdsp.a(reset_vector.o)
                0x40000000                _PostResetVector
                0x40000004                _xtos_mpu_attribs
                0x40000018                _ResetHandler
                0x400000f0                _PostResetVector_text_end = ABSOLUTE (.)
                0x400000f0                _memmap_seg_RESET_end = ALIGN (0x8)

.WindowVectors.text
                0x40000400      0x16a
                0x40000400                _WindowVectors_text_start = ABSOLUTE (.)
 *(.WindowVectors.text)
 .WindowVectors.text
                0x40000400      0x16a /home/zhou/WZ405/405_project/mpp/out/liteos/dsp/dsp0/liteos/liteos/out/dsp/lib/libdsp.a(sre_window_vectors.o)
                0x40000400                _WindowOverflow4
                0x40000440                _WindowUnderflow4
                0x40000450                osAllocaExc
                0x40000480                _WindowOverflow8
                0x400004c0                _WindowUnderflow8
                0x40000500                _WindowOverflow12
                0x40000540                _WindowUnderflow12
                0x4000056a                _WindowVectors_text_end = ABSOLUTE (.)
                0x40000570                _memmap_seg_WINDOW_end = ALIGN (0x8)

.Level2InterruptVector.literal
                0x40000578        0x0
                0x40000578                _Level2InterruptVector_literal_start = ABSOLUTE (.)
 *(.Level2InterruptVector.literal)
                0x40000578                _Level2InterruptVector_literal_end = ABSOLUTE (.)
                0x40000578                _memmap_seg_LEVEL2_LIT_end = ALIGN (0x8)

.Level2InterruptVector.text
                0x40000580       0x1b
                0x40000580                _Level2InterruptVector_text_start = ABSOLUTE (.)
 *(.Level2InterruptVector.text)
 .Level2InterruptVector.text
                0x40000580       0x1b /home/zhou/WZ405/405_project/mpp/out/liteos/dsp/dsp0/liteos/liteos/out/dsp/lib/libdsp.a(sre_vector.o)
                0x40000580                _Level2Vector
                0x4000059b                _Level2InterruptVector_text_end = ABSOLUTE (.)
                0x400005a0                _memmap_seg_LEVEL2_end = ALIGN (0x8)

.DebugExceptionVector.literal
                0x400005b8        0x0
                0x400005b8                _DebugExceptionVector_literal_start = ABSOLUTE (.)
 *(.DebugExceptionVector.literal)
                0x400005b8                _DebugExceptionVector_literal_end = ABSOLUTE (.)
                0x400005b8                _memmap_seg_DEBUG_LIT_end = ALIGN (0x8)

.DebugExceptionVector.text
                0x400005c0        0x9
                0x400005c0                _DebugExceptionVector_text_start = ABSOLUTE (.)
 *(.DebugExceptionVector.text)
 .DebugExceptionVector.text
                0x400005c0        0x9 /home/zhou/WZ405/405_project/mpp/out/liteos/dsp/dsp0/liteos/liteos/out/dsp/lib/libdsp.a(sre_vector.o)
                0x400005c0                _DebugExceptionVector
                0x400005c9                _DebugExceptionVector_text_end = ABSOLUTE (.)
                0x400005d0                _memmap_seg_DEBUG_end = ALIGN (0x8)

.NMIExceptionVector.literal
                0x400005f8        0x0
                0x400005f8                _NMIExceptionVector_literal_start = ABSOLUTE (.)
 *(.NMIExceptionVector.literal)
                0x400005f8                _NMIExceptionVector_literal_end = ABSOLUTE (.)
                0x400005f8                _memmap_seg_NMI_LIT_end = ALIGN (0x8)

.NMIExceptionVector.text
                0x40000600        0x6
                0x40000600                _NMIExceptionVector_text_start = ABSOLUTE (.)
 *(.NMIExceptionVector.text)
 .NMIExceptionVector.text
                0x40000600        0x6 /home/zhou/WZ405/405_project/mpp/out/liteos/dsp/dsp0/liteos/liteos/out/dsp/lib/libdsp.a(sre_vector.o)
                0x40000600                _NMIExceptionVector
                0x40000606                _NMIExceptionVector_text_end = ABSOLUTE (.)
                0x40000608                _memmap_seg_NMI_end = ALIGN (0x8)

.KernelExceptionVector.literal
                0x40000638        0x0
                0x40000638                _KernelExceptionVector_literal_start = ABSOLUTE (.)
 *(.KernelExceptionVector.literal)
                0x40000638                _KernelExceptionVector_literal_end = ABSOLUTE (.)
                0x40000638                _memmap_seg_KERNEL_LIT_end = ALIGN (0x8)

.KernelExceptionVector.text
                0x40000640        0xf
                0x40000640                _KernelExceptionVector_text_start = ABSOLUTE (.)
 *(.KernelExceptionVector.text)
 .KernelExceptionVector.text
                0x40000640        0xf /home/zhou/WZ405/405_project/mpp/out/liteos/dsp/dsp0/liteos/liteos/out/dsp/lib/libdsp.a(sre_vector.o)
                0x40000640                _KernelExceptionVector
                0x4000064f                _KernelExceptionVector_text_end = ABSOLUTE (.)
                0x40000650                _memmap_seg_KERNEL_end = ALIGN (0x8)

.UserExceptionVector.literal
                0x40000678        0x0
                0x40000678                _UserExceptionVector_literal_start = ABSOLUTE (.)
 *(.UserExceptionVector.literal)
                0x40000678                _UserExceptionVector_literal_end = ABSOLUTE (.)
                0x40000678                _memmap_seg_USER_LIT_end = ALIGN (0x8)

.UserExceptionVector.text
                0x40000680        0xf
                0x40000680                _UserExceptionVector_text_start = ABSOLUTE (.)
 *(.UserExceptionVector.text)
 .UserExceptionVector.text
                0x40000680        0xf /home/zhou/WZ405/405_project/mpp/out/liteos/dsp/dsp0/liteos/liteos/out/dsp/lib/libdsp.a(sre_vector.o)
                0x40000680                _UserExceptionVector
                0x4000068f                _UserExceptionVector_text_end = ABSOLUTE (.)
                0x40000690                _memmap_seg_USER_end = ALIGN (0x8)

.DoubleExceptionVector.literal
                0x400006b8        0x0
                0x400006b8                _DoubleExceptionVector_literal_start = ABSOLUTE (.)
 *(.DoubleExceptionVector.literal)
                0x400006b8                _DoubleExceptionVector_literal_end = ABSOLUTE (.)
                0x400006b8                _memmap_seg_DOUBLE_LIT_end = ALIGN (0x8)

.DoubleExceptionVector.text
                0x40000700        0xf
                0x40000700                _DoubleExceptionVector_text_start = ABSOLUTE (.)
 *(.DoubleExceptionVector.text)
 .DoubleExceptionVector.text
                0x40000700        0xf /home/zhou/WZ405/405_project/mpp/out/liteos/dsp/dsp0/liteos/liteos/out/dsp/lib/libdsp.a(sre_vector.o)
                0x40000700                _DoubleExceptionVector
                0x4000070f                _DoubleExceptionVector_text_end = ABSOLUTE (.)
                0x40000710                _memmap_seg_DOUBLE_end = ALIGN (0x8)

.iram0.literal  0x40000740        0x0
                0x40000740                _iram0_literal_start = ABSOLUTE (.)
 *(.iram0.literal)
 *(.iram.literal)
 *(.iram.text.literal)
                0x40000740                _iram0_literal_end = ABSOLUTE (.)
                0x40000740                _memmap_seg_IRAM0_LIT_end = ALIGN (0x8)

.iram0.text     0x40000800        0x0
                0x40000800                _iram0_text_start = ABSOLUTE (.)
 *(.iram0.text)
 *(.iram.text)
                0x40000800                _iram0_text_end = ABSOLUTE (.)
                0x40000800                _memmap_seg_IRAM0_end = ALIGN (0x8)

.os.hshell.data
                0x40208000        0x0
                0x40208000                _os_hshell_data_start = ABSOLUTE (.)
 *(.os.hshell.data)
                0x40208000                _os_hshell_data_end = ABSOLUTE (.)

.os.jmptable.data
                0x40208000        0x0
                0x40208000                _os_jmptable_data_start = ABSOLUTE (.)
 *(.os.jmptable.data)
                0x40208000                _os_jmptable_data_end = ABSOLUTE (.)

.os.init.data   0x40208000        0x0
                0x40208000                _os_init_data_start = ABSOLUTE (.)
 *(.os.init.data)
                0x40208000                _os_init_data_end = ABSOLUTE (.)

.os.data        0x40208000       0x30
                0x40208000                _os_data_start = ABSOLUTE (.)
 *(.os.data)
 .os.data       0x40208000       0x28 /home/zhou/WZ405/405_project/mpp/out/liteos/dsp/dsp0/liteos/liteos/out/dsp/lib/libdspcore.a(los_dispatch.o)
                0x40208000                g_auwIntMask
                0x40208018                g_pCpOwner
                0x4020801c                g_aucHwiNum
                0x40208024                g_pfnCoreSleepHook
 .os.data       0x40208028        0x8 /home/zhou/WZ405/405_project/mpp/out/liteos/dsp/dsp0/liteos/liteos/out/dsp/lib/libdsp.a(reset_vector.o)
                0x40208028                g_uwHwResetFlag
                0x4020802c                g_uwPSValue
                0x40208030                _os_data_end = ABSOLUTE (.)

.data           0x40208040     0x1884
                0x40208040                _data_start = ABSOLUTE (.)
 *(.data)
 .data          0x40208040        0x8 /home/zhou/WZ405/405_project/mpp/out/liteos/dsp/dsp0/liteos/liteos/out/dsp/lib/liblitekernel.a(los_memory.o)
                0x40208040                g_sys_mem_addr_end
                0x40208044                g_sys_stack_addr_end
 .data          0x40208048        0x4 /home/zhou/WZ405/405_project/mpp/out/liteos/dsp/dsp0/liteos/liteos/out/dsp/lib/liblitekernel.a(los_tick.o)
                0x40208048                g_uwSysClock
 .data          0x4020804c       0x14 /opt/xtensa/RG-2016.4-linux/VP60_1124/xtensa-elf/lib/libc.a(exit.o)
                0x40208054                _Atfuns
                0x40208058                _Atcount
 .data          0x40208060        0x4 /opt/xtensa/RG-2016.4-linux/VP60_1124/xtensa-elf/lib/libc.a(malloc.o)
                0x40208060                _Size_block
 *fill*         0x40208064       0x1c 
 .data          0x40208080      0x1db /opt/xtensa/RG-2016.4-linux/VP60_1124/xtensa-elf/lib/libc.a(xfiles.o)
                0x40208080                _Stdin
                0x402080c8                _Stdout
                0x40208110                _Stderr
                0x40208158                stdin
                0x4020815c                stdout
                0x40208160                stderr
                0x40208180                _Files
                0x40208200                _PJP_C_Copyright
 *fill*         0x4020825b        0x1 
 .data          0x4020825c        0x1 /opt/xtensa/RG-2016.4-linux/VP60_1124/xtensa-elf/lib/libc.a(xstate.o)
                0x4020825c                _Mbcurmax
 *fill*         0x4020825d        0x3 
 .data          0x40208260        0x4 /opt/xtensa/RG-2016.4-linux/VP60_1124/xtensa-elf/lib/libc.a(reent.o)
                0x40208260                _reent_ptr
 .data          0x40208264        0x4 /opt/xtensa/RG-2016.4-linux/VP60_1124/xtensa-elf/lib/libc.a(xctype.o)
                0x40208264                _Ctype
 *fill*         0x40208268       0x18 
 .data          0x40208280       0x18 /opt/xtensa/RG-2016.4-linux/VP60_1124/xtensa-elf/lib/libc.a(xldtob.o)
 .data          0x40208298       0x50 /opt/xtensa/RG-2016.4-linux/VP60_1124/xtensa-elf/lib/libc.a(localeco.o)
                0x40208298                _Locale
 .data          0x402082e8        0x4 /opt/xtensa/RG-2016.4-linux/VP60_1124/xtensa-elf/lib/libgloss.a(sbrk.o)
                0x402082e8                _heap_sentry_ptr
 *fill*         0x402082ec       0x14 
 .data          0x40208300       0x14 /opt/xtensa/RG-2016.4-linux/VP60_1124/xtensa-elf/lib/libidma-xtos.a(idma.xtos.o)
                0x40208300                idmaPsoSavedRegs
 *fill*         0x40208314        0x4 
 .data          0x40208318      0x208 /opt/xtensa/RG-2016.4-linux/VP60_1124/xtensa-elf/arch/lib/libhandlers-board.a(interrupt-table.o)
                0x40208318                _xtos_enabled
                0x40208318                _xtos_intstruct
                0x4020831c                _xtos_vpri_enabled
                0x40208320                _xtos_interrupt_table
                0x40208420                _xtos_interrupt_mask_table
 *(.data.*)
 .data.g_pfnTaskSwitchCheck
                0x40208520        0x4 /home/zhou/WZ405/405_project/mpp/out/liteos/dsp/dsp0/liteos/liteos/out/dsp/lib/liblitekernel.a(los_task.o)
                0x40208520                g_pfnTaskSwitchCheck
 *fill*         0x40208524       0x1c 
 .data.g_auwStackDefault
                0x40208540       0x50 /home/zhou/WZ405/405_project/mpp/out/liteos/dsp/dsp0/liteos/liteos/out/dsp/lib/libdspcore.a(los_hw.o)
                0x40208540                g_auwStackDefault
 .data.s_pstXvTm
                0x40208590        0x4 /home/zhou/WZ405/405_project/mpp/out/liteos/dsp/dsp0/algo/libdsp_algo.a(svp_dsp_tm.o)
 *fill*         0x40208594       0x2c 
 .data.g_mhdrTbl
                0x402085c0       0x40 /home/zhou/WZ405/405_project/mpp/out/liteos/dsp/dsp0/algo/libdsp_photo.a(dsp_photo_algo.o)
                0x402085c0                g_mhdrTbl
 .data.g_mfnrTbl
                0x40208600       0x58 /home/zhou/WZ405/405_project/mpp/out/liteos/dsp/dsp0/algo/libdsp_photo.a(dsp_photo_algo.o)
                0x40208600                g_mfnrTbl
 *fill*         0x40208658        0x8 
 .data.g_sfnrTbl
                0x40208660       0x18 /home/zhou/WZ405/405_project/mpp/out/liteos/dsp/dsp0/algo/libdsp_photo.a(dsp_photo_algo.o)
                0x40208660                g_sfnrTbl
 *fill*         0x40208678        0x8 
 .data.g_detailTbl
                0x40208680       0x18 /home/zhou/WZ405/405_project/mpp/out/liteos/dsp/dsp0/algo/libdsp_photo.a(dsp_photo_algo.o)
                0x40208680                g_detailTbl
 *fill*         0x40208698       0x28 
 .data.D_Lanczos1D_4_2_Fix_new
                0x402086c0      0x800 /home/zhou/WZ405/405_project/mpp/out/liteos/dsp/dsp0/algo/libhdr_dsp.a(cropscale_ivp.o)
 .data.Lanczos_Ratio
                0x40208ec0       0x80 /home/zhou/WZ405/405_project/mpp/out/liteos/dsp/dsp0/algo/libhdr_dsp.a(cropscale_ivp.o)
 .data.pOffsetsArray
                0x40208f40       0x24 /home/zhou/WZ405/405_project/mpp/out/liteos/dsp/dsp0/algo/libhdr_dsp.a(CalcDetectionLayerTile.o)
                0x40208f40                pOffsetsArray
 *fill*         0x40208f64       0x1c 
 .data.D_Lanczos1D_4_2_Fix_new
                0x40208f80      0x800 /home/zhou/WZ405/405_project/mpp/out/liteos/dsp/dsp0/algo/libmfnr_dsp.a(multidenoise.o)
 .data.Lanczos_Ratio
                0x40209780       0x80 /home/zhou/WZ405/405_project/mpp/out/liteos/dsp/dsp0/algo/libmfnr_dsp.a(multidenoise.o)
 .data.flag$26542
                0x40209800        0x1 /home/zhou/WZ405/405_project/mpp/out/liteos/dsp/dsp0/algo/libmfnr_dsp.a(function.o)
 *fill*         0x40209801       0x3f 
 .data.pOffsetsArray_EIS
                0x40209840       0x24 /home/zhou/WZ405/405_project/mpp/out/liteos/dsp/dsp0/algo/libmfnr_dsp.a(CalcDetectionLayerTile.o)
                0x40209840                pOffsetsArray_EIS
 *fill*         0x40209864       0x1c 
 .data.a$31403  0x40209880       0x40 /home/zhou/WZ405/405_project/mpp/out/liteos/dsp/dsp0/algo/libsfnr_dsp.a(function.o)
 .data.ipc_int_num
                0x402098c0        0x4 /home/zhou/WZ405/405_project/mpp/out/liteos/dsp/dsp0/liteos/ipcm/out/node_2/libipcm.a(platform_dsp_liteos.o)
 *(.gnu.linkonce.d.*)
 *(.gnu.linkonce.d.*personality*)
 *(.data1)
 *(.sdata)
 *(.sdata.*)
 *(.gnu.linkonce.s.*)
 *(.sdata2)
 *(.sdata2.*)
 *(.gnu.linkonce.s2.*)
 *(.jcr)
                0x402098c4                _data_end = ABSOLUTE (.)

.os.shared.data
                0x402098c4        0x0
                0x402098c4                _os_shared_data_start = ABSOLUTE (.)
 *(.os.shared.data)
                0x402098c4                _os_shared_data_end = ABSOLUTE (.)

.bss            0x40209900   0x153270
                0x40209900                . = ALIGN (0x8)
                0x40209900                _bss_start = ABSOLUTE (.)
 *(.dynsbss)
 *(.sbss)
 *(.sbss.*)
 *(.gnu.linkonce.sb.*)
 *(.scommon)
 *(.sbss2)
 *(.sbss2.*)
 *(.gnu.linkonce.sb2.*)
 *(.dynbss)
 *(.bss)
 .bss           0x40209900      0x140 /opt/xtensa/RG-2016.4-linux/VP60_1124/xtensa-elf/lib/libc.a(exit.o)
                0x40209900                _Atcount0
 .bss           0x40209a40        0x8 /opt/xtensa/RG-2016.4-linux/VP60_1124/xtensa-elf/lib/libc.a(malloc.o)
                0x40209a40                _Aldata
 *fill*         0x40209a48       0x38 
 .bss           0x40209a80       0x80 /opt/xtensa/RG-2016.4-linux/VP60_1124/xtensa-elf/lib/libc.a(signal.o)
 .bss           0x40209b00       0x50 /opt/xtensa/RG-2016.4-linux/VP60_1124/xtensa-elf/lib/libc.a(xfiles.o)
 .bss           0x40209b50       0x48 /opt/xtensa/RG-2016.4-linux/VP60_1124/xtensa-elf/lib/libc.a(xstate.o)
                0x40209b50                _Tls_setup__Mbcurmax
                0x40209b54                _Tls_setup__Mbstate
                0x40209b58                _Mbstate
 *fill*         0x40209b98       0x28 
 .bss           0x40209bc0       0xd0 /opt/xtensa/RG-2016.4-linux/VP60_1124/xtensa-elf/lib/libc.a(xsyslock.o)
 .bss           0x40209c90        0x8 /opt/xtensa/RG-2016.4-linux/VP60_1124/xtensa-elf/lib/libc.a(xwctomb.o)
 .bss           0x40209c98        0x4 /opt/xtensa/RG-2016.4-linux/VP60_1124/xtensa-elf/lib/libc.a(xfail_s.o)
 .bss           0x40209c9c       0xf4 /opt/xtensa/RG-2016.4-linux/VP60_1124/xtensa-elf/lib/libc.a(reent.o)
 .bss           0x40209d90        0x4 /opt/xtensa/RG-2016.4-linux/VP60_1124/xtensa-elf/lib/libc.a(xctype.o)
                0x40209d90                _Tls_setup__Ctype
 .bss           0x40209d94        0x8 /opt/xtensa/RG-2016.4-linux/VP60_1124/xtensa-elf/lib/libc.a(xmbtowc.o)
 .bss           0x40209d9c        0x4 /opt/xtensa/RG-2016.4-linux/VP60_1124/xtensa-elf/lib/libc.a(xmtx.o)
                0x40209d9c                _xclib_use_mt
 .bss           0x40209da0       0x44 /opt/xtensa/RG-2016.4-linux/VP60_1124/xtensa-elf/lib/libc.a(xwcstate.o)
                0x40209da0                _Tls_setup__Wcstate
                0x40209da4                _Wcstate
 .bss           0x40209de4        0x4 /opt/xtensa/RG-2016.4-linux/VP60_1124/xtensa-elf/lib/libc.a(localeco.o)
                0x40209de4                _Tls_setup__Locale
 .bss           0x40209de8        0x4 /opt/xtensa/RG-2016.4-linux/VP60_1124/xtensa-elf/lib/libgloss.a(sbrk.o)
                0x40209de8                heap_ptr
 .bss           0x40209dec        0x1 /opt/xtensa/RG-2016.4-linux/VP60_1124/xtensa-elf/lib/xcc/libgcc.a(softfloat_cmn.o)
                0x40209dec                __float_exception_flags
 *fill*         0x40209ded       0x13 
 .bss           0x40209e00      0x108 /opt/xtensa/RG-2016.4-linux/VP60_1124/xtensa-elf/lib/libidma-xtos.a(idma.xtos.o)
                0x40209e40                _idmalogbuf
 *(.bss.*)
 .bss.s_stSvpDspSlaveCtx
                0x40209f08      0x6f0 ./svp_dsp_runtime.o
 .bss.s_enDspState
                0x4020a5f8        0x4 ./svp_dsp_runtime.o
 .bss.s_MainProcHandle
                0x4020a5fc        0x4 ./svp_dsp_runtime.o
 .bss.g_pstLosPriorityQueueList
                0x4020a600        0x4 /home/zhou/WZ405/405_project/mpp/out/liteos/dsp/dsp0/liteos/liteos/out/dsp/lib/liblitekernel.a(los_priqueue.o)
                0x4020a600                g_pstLosPriorityQueueList
 .bss.g_pstTaskCBArray
                0x4020a604        0x4 /home/zhou/WZ405/405_project/mpp/out/liteos/dsp/dsp0/liteos/liteos/out/dsp/lib/liblitekernel.a(los_task.o)
                0x4020a604                g_pstTaskCBArray
 .bss.g_uwTskMaxNum
                0x4020a608        0x4 /home/zhou/WZ405/405_project/mpp/out/liteos/dsp/dsp0/liteos/liteos/out/dsp/lib/liblitekernel.a(los_task.o)
                0x4020a608                g_uwTskMaxNum
 .bss.g_stTskSortLink
                0x4020a60c        0x8 /home/zhou/WZ405/405_project/mpp/out/liteos/dsp/dsp0/liteos/liteos/out/dsp/lib/liblitekernel.a(los_task.o)
                0x4020a60c                g_stTskSortLink
 .bss.g_stTaskTimerList
                0x4020a614        0x8 /home/zhou/WZ405/405_project/mpp/out/liteos/dsp/dsp0/liteos/liteos/out/dsp/lib/liblitekernel.a(los_task.o)
                0x4020a614                g_stTaskTimerList
 .bss.g_stLosFreeTask
                0x4020a61c        0x8 /home/zhou/WZ405/405_project/mpp/out/liteos/dsp/dsp0/liteos/liteos/out/dsp/lib/liblitekernel.a(los_task.o)
                0x4020a61c                g_stLosFreeTask
 .bss.g_stTskRecyleList
                0x4020a624        0x8 /home/zhou/WZ405/405_project/mpp/out/liteos/dsp/dsp0/liteos/liteos/out/dsp/lib/liblitekernel.a(los_task.o)
                0x4020a624                g_stTskRecyleList
 .bss.g_stLosTask
                0x4020a62c        0x8 /home/zhou/WZ405/405_project/mpp/out/liteos/dsp/dsp0/liteos/liteos/out/dsp/lib/liblitekernel.a(los_task.o)
                0x4020a62c                g_stLosTask
 .bss.g_uwIdleTaskID
                0x4020a634        0x4 /home/zhou/WZ405/405_project/mpp/out/liteos/dsp/dsp0/liteos/liteos/out/dsp/lib/liblitekernel.a(los_task.o)
                0x4020a634                g_uwIdleTaskID
 .bss.g_pfnUsrTskSwitchHook
                0x4020a638        0x4 /home/zhou/WZ405/405_project/mpp/out/liteos/dsp/dsp0/liteos/liteos/out/dsp/lib/liblitekernel.a(los_task.o)
                0x4020a638                g_pfnUsrTskSwitchHook
 .bss.g_pfnTskSwitchHook
                0x4020a63c        0x4 /home/zhou/WZ405/405_project/mpp/out/liteos/dsp/dsp0/liteos/liteos/out/dsp/lib/liblitekernel.a(los_task.o)
                0x4020a63c                g_pfnTskSwitchHook
 .bss.g_usLosTaskLock
                0x4020a640        0x2 /home/zhou/WZ405/405_project/mpp/out/liteos/dsp/dsp0/liteos/liteos/out/dsp/lib/liblitekernel.a(los_task.o)
                0x4020a640                g_usLosTaskLock
 *fill*         0x4020a642        0x2 
 .bss.g_bTaskScheduled
                0x4020a644        0x4 /home/zhou/WZ405/405_project/mpp/out/liteos/dsp/dsp0/liteos/liteos/out/dsp/lib/liblitekernel.a(los_task.o)
                0x4020a644                g_bTaskScheduled
 .bss.g_uwSwtmrTaskID
                0x4020a648        0x4 /home/zhou/WZ405/405_project/mpp/out/liteos/dsp/dsp0/liteos/liteos/out/dsp/lib/liblitekernel.a(los_task.o)
                0x4020a648                g_uwSwtmrTaskID
 .bss.m_aucSysMem0
                0x4020a64c        0x4 /home/zhou/WZ405/405_project/mpp/out/liteos/dsp/dsp0/liteos/liteos/out/dsp/lib/liblitekernel.a(los_memory.o)
                0x4020a64c                m_aucSysMem0
 .bss.m_aucSysMem1
                0x4020a650        0x4 /home/zhou/WZ405/405_project/mpp/out/liteos/dsp/dsp0/liteos/liteos/out/dsp/lib/liblitekernel.a(los_memory.o)
                0x4020a650                m_aucSysMem1
 .bss.g_MALLOC_HOOK
                0x4020a654        0x4 /home/zhou/WZ405/405_project/mpp/out/liteos/dsp/dsp0/liteos/liteos/out/dsp/lib/liblitekernel.a(los_memory.o)
                0x4020a654                g_MALLOC_HOOK
 *fill*         0x4020a658       0x28 
 .bss.g_TskMemUsedInfo
                0x4020a680       0x44 /home/zhou/WZ405/405_project/mpp/out/liteos/dsp/dsp0/liteos/liteos/out/dsp/lib/liblitekernel.a(los_memstat.o)
                0x4020a680                g_TskMemUsedInfo
 .bss.g_stUnusedSemList
                0x4020a6c4        0x8 /home/zhou/WZ405/405_project/mpp/out/liteos/dsp/dsp0/liteos/liteos/out/dsp/lib/liblitekernel.a(los_sem.o)
                0x4020a6c4                g_stUnusedSemList
 .bss.g_pstAllSem
                0x4020a6cc        0x4 /home/zhou/WZ405/405_project/mpp/out/liteos/dsp/dsp0/liteos/liteos/out/dsp/lib/liblitekernel.a(los_sem.o)
                0x4020a6cc                g_pstAllSem
 .bss.g_ullTickCount
                0x4020a6d0        0x8 /home/zhou/WZ405/405_project/mpp/out/liteos/dsp/dsp0/liteos/liteos/out/dsp/lib/liblitekernel.a(los_tick.o)
                0x4020a6d0                g_ullTickCount
 .bss.g_uwTicksPerSec
                0x4020a6d8        0x4 /home/zhou/WZ405/405_project/mpp/out/liteos/dsp/dsp0/liteos/liteos/out/dsp/lib/liblitekernel.a(los_tick.o)
                0x4020a6d8                g_uwTicksPerSec
 .bss.g_uwCyclePerSec
                0x4020a6dc        0x4 /home/zhou/WZ405/405_project/mpp/out/liteos/dsp/dsp0/liteos/liteos/out/dsp/lib/liblitekernel.a(los_tick.o)
                0x4020a6dc                g_uwCyclePerSec
 .bss.g_stTaskTimeSlice
                0x4020a6e0        0x8 /home/zhou/WZ405/405_project/mpp/out/liteos/dsp/dsp0/liteos/liteos/out/dsp/lib/liblitekernel.a(los_timeslice.o)
                0x4020a6e0                g_stTaskTimeSlice
 .bss.g_stUserErrFunc
                0x4020a6e8        0x4 /home/zhou/WZ405/405_project/mpp/out/liteos/dsp/dsp0/liteos/liteos/out/dsp/lib/liblitekernel.a(los_err.o)
                0x4020a6e8                g_stUserErrFunc
 .bss.m_pstSwtmrFreeList
                0x4020a6ec        0x4 /home/zhou/WZ405/405_project/mpp/out/liteos/dsp/dsp0/liteos/liteos/out/dsp/lib/liblitekernel.a(los_swtmr.o)
                0x4020a6ec                m_pstSwtmrFreeList
 .bss.m_uwSwTmrHandlerQueue
                0x4020a6f0        0x4 /home/zhou/WZ405/405_project/mpp/out/liteos/dsp/dsp0/liteos/liteos/out/dsp/lib/liblitekernel.a(los_swtmr.o)
                0x4020a6f0                m_uwSwTmrHandlerQueue
 *fill*         0x4020a6f4        0xc 
 .bss.m_aucSwTmrHandlerPool
                0x4020a700     0x200c /home/zhou/WZ405/405_project/mpp/out/liteos/dsp/dsp0/liteos/liteos/out/dsp/lib/liblitekernel.a(los_swtmr.o)
                0x4020a700                m_aucSwTmrHandlerPool
 .bss.m_pstSwtmrSortList
                0x4020c70c        0x4 /home/zhou/WZ405/405_project/mpp/out/liteos/dsp/dsp0/liteos/liteos/out/dsp/lib/liblitekernel.a(los_swtmr.o)
                0x4020c70c                m_pstSwtmrSortList
 .bss.m_pstSwtmrCBArray
                0x4020c710        0x4 /home/zhou/WZ405/405_project/mpp/out/liteos/dsp/dsp0/liteos/liteos/out/dsp/lib/liblitekernel.a(los_swtmr.o)
                0x4020c710                m_pstSwtmrCBArray
 .bss.g_pstAllQueue
                0x4020c714        0x4 /home/zhou/WZ405/405_project/mpp/out/liteos/dsp/dsp0/liteos/liteos/out/dsp/lib/liblitekernel.a(los_queue.o)
                0x4020c714                g_pstAllQueue
 .bss.g_pstCpup
                0x4020c718        0x4 /home/zhou/WZ405/405_project/mpp/out/liteos/dsp/dsp0/liteos/liteos/out/dsp/lib/libcpup.a(los_cpup.o)
                0x4020c718                g_pstCpup
 .bss.m_bCpupInitFlg
                0x4020c71c        0x2 /home/zhou/WZ405/405_project/mpp/out/liteos/dsp/dsp0/liteos/liteos/out/dsp/lib/libcpup.a(los_cpup.o)
                0x4020c71c                m_bCpupInitFlg
 *fill*         0x4020c71e        0x2 
 .bss.g_uwLastRecordTime
                0x4020c720        0x8 /home/zhou/WZ405/405_project/mpp/out/liteos/dsp/dsp0/liteos/liteos/out/dsp/lib/libcpup.a(los_cpup.o)
                0x4020c720                g_uwLastRecordTime
 .bss.g_usHisPos
                0x4020c728        0x2 /home/zhou/WZ405/405_project/mpp/out/liteos/dsp/dsp0/liteos/liteos/out/dsp/lib/libcpup.a(los_cpup.o)
                0x4020c728                g_usHisPos
 *fill*         0x4020c72a       0x16 
 .bss.m_astHwiForm
                0x4020c740      0x110 /home/zhou/WZ405/405_project/mpp/out/liteos/dsp/dsp0/liteos/liteos/out/dsp/lib/libdspcore.a(los_hwi.o)
                0x4020c740                m_astHwiForm
 .bss.g_vuwIntCount
                0x4020c850        0x4 /home/zhou/WZ405/405_project/mpp/out/liteos/dsp/dsp0/liteos/liteos/out/dsp/lib/libdspcore.a(los_hwi.o)
                0x4020c850                g_vuwIntCount
 .bss.g_uwCyclePerTick
                0x4020c854        0x4 /home/zhou/WZ405/405_project/mpp/out/liteos/dsp/dsp0/liteos/liteos/out/dsp/lib/libdspcore.a(los_hw_tick.o)
                0x4020c854                g_uwCyclePerTick
 .bss.g_uwTickNoRespondCnt
                0x4020c858        0x4 /home/zhou/WZ405/405_project/mpp/out/liteos/dsp/dsp0/liteos/liteos/out/dsp/lib/libdspcore.a(los_hw_tick.o)
                0x4020c858                g_uwTickNoRespondCnt
 .bss.g_pfnTickDispatcher
                0x4020c85c        0x4 /home/zhou/WZ405/405_project/mpp/out/liteos/dsp/dsp0/liteos/liteos/out/dsp/lib/libdspcore.a(los_hw_tick.o)
                0x4020c85c                g_pfnTickDispatcher
 .bss.g_swtmr_id
                0x4020c860        0x2 /home/zhou/WZ405/405_project/mpp/out/liteos/dsp/dsp0/liteos/liteos/out/dsp/lib/libdsp.a(los_config.o)
                0x4020c860                g_swtmr_id
 *fill*         0x4020c862       0x1e 
 .bss.m_aucSysMemHeap0
                0x4020c880   0x150000 /home/zhou/WZ405/405_project/mpp/out/liteos/dsp/dsp0/liteos/liteos/out/dsp/lib/libdsp.a(los_config.o)
                0x4020c880                m_aucSysMemHeap0
 .bss.errno_array
                0x4035c880       0x44 /home/zhou/WZ405/405_project/mpp/out/liteos/dsp/dsp0/liteos/liteos/out/dsp/lib/libposix.a(map_error.o)
                0x4035c880                errno_array
 .bss.g_uwShowTask
                0x4035c8c4        0x4 /home/zhou/WZ405/405_project/mpp/out/liteos/dsp/dsp0/algo/libdsp_algo.a(tileManager.o)
                0x4035c8c4                g_uwShowTask
 *fill*         0x4035c8c8       0x38 
 .bss.s_astStatPerf
                0x4035c900       0x40 /home/zhou/WZ405/405_project/mpp/out/liteos/dsp/dsp0/algo/libdsp_algo.a(svp_dsp_frm.o)
 .bss.g_u64IdmaOffset
                0x4035c940        0x8 /home/zhou/WZ405/405_project/mpp/out/liteos/dsp/dsp0/algo/libdsp_photo.a(dsp_photo_algo.o)
 .bss.start     0x4035c948        0x4 /home/zhou/WZ405/405_project/mpp/out/liteos/dsp/dsp0/algo/libhdr_dsp.a(cropscale_ivp.o)
 .bss.end       0x4035c94c        0x4 /home/zhou/WZ405/405_project/mpp/out/liteos/dsp/dsp0/algo/libhdr_dsp.a(cropscale_ivp.o)
 .bss.total     0x4035c950        0x4 /home/zhou/WZ405/405_project/mpp/out/liteos/dsp/dsp0/algo/libhdr_dsp.a(cropscale_ivp.o)
 .bss.g_hdr_mem_management
                0x4035c954       0x40 /home/zhou/WZ405/405_project/mpp/out/liteos/dsp/dsp0/algo/libhdr_dsp.a(image_fusion.o)
                0x4035c954                g_hdr_mem_management
 .bss.SAMPLE_INDEX
                0x4035c994        0x4 /home/zhou/WZ405/405_project/mpp/out/liteos/dsp/dsp0/algo/libmfnr_dsp.a(GetFeatureSurf.o)
                0x4035c994                SAMPLE_INDEX
 .bss.Img_Args  0x4035c998       0x3c /home/zhou/WZ405/405_project/mpp/out/liteos/dsp/dsp0/algo/libsfnr_dsp.a(sfnr_process.o)
 *fill*         0x4035c9d4       0x2c 
 .bss.s_stIpcmCtx
                0x4035ca00       0x24 /home/zhou/WZ405/405_project/mpp/out/liteos/dsp/dsp0/dccs/libdsp_dccs.a(svp_dsp_dccs.o)
 *fill*         0x4035ca24       0x1c 
 .bss.g_ipcm_nodes
                0x4035ca40      0x100 /home/zhou/WZ405/405_project/mpp/out/liteos/dsp/dsp0/liteos/ipcm/out/node_2/libipcm.a(ipcm.o)
                0x4035ca40                g_ipcm_nodes
 .bss.recv_event
                0x4035cb40        0x8 /home/zhou/WZ405/405_project/mpp/out/liteos/dsp/dsp0/liteos/ipcm/out/node_2/libipcm.a(ipcm.o)
                0x4035cb40                recv_event
 .bss.message_recv_task
                0x4035cb48        0x4 /home/zhou/WZ405/405_project/mpp/out/liteos/dsp/dsp0/liteos/ipcm/out/node_2/libipcm.a(ipcm.o)
                0x4035cb48                message_recv_task
 .bss.recv_timer
                0x4035cb4c        0x8 /home/zhou/WZ405/405_project/mpp/out/liteos/dsp/dsp0/liteos/ipcm/out/node_2/libipcm.a(ipcm.o)
                0x4035cb4c                recv_timer
 .bss.g_nodes_desc
                0x4035cb54        0x4 /home/zhou/WZ405/405_project/mpp/out/liteos/dsp/dsp0/liteos/ipcm/out/node_2/libipcm.a(ipcm.o)
                0x4035cb54                g_nodes_desc
 .bss.node_detect_task
                0x4035cb58        0x4 /home/zhou/WZ405/405_project/mpp/out/liteos/dsp/dsp0/liteos/ipcm/out/node_2/libipcm.a(ipcm.o)
                0x4035cb58                node_detect_task
 .bss.node_release
                0x4035cb5c        0x4 /home/zhou/WZ405/405_project/mpp/out/liteos/dsp/dsp0/liteos/ipcm/out/node_2/libipcm.a(ipcm_node_discover.o)
 .bss.dsp_id    0x4035cb60        0x4 /home/zhou/WZ405/405_project/mpp/out/liteos/dsp/dsp0/liteos/ipcm/out/node_2/libipcm.a(platform_dsp_liteos.o)
 .bss.g_stUnusedMuxList
                0x4035cb64        0x8 /home/zhou/WZ405/405_project/mpp/out/liteos/dsp/dsp0/liteos/liteos/out/dsp/lib/liblitekernel.a(los_mux.o)
                0x4035cb64                g_stUnusedMuxList
 .bss.g_pstAllMux
                0x4035cb6c        0x4 /home/zhou/WZ405/405_project/mpp/out/liteos/dsp/dsp0/liteos/liteos/out/dsp/lib/liblitekernel.a(los_mux.o)
                0x4035cb6c                g_pstAllMux
 *(.gnu.linkonce.b.*)
 *(COMMON)
 *(.os.shared.bss)
 *(.os.init.bss)
 *(.os.bss)
                0x4035cb70                . = ALIGN (0x8)
                0x4035cb70                _bss_end = ABSOLUTE (.)
                0x4035cb70                _memmap_seg_SRAM_00_end = ALIGN (0x8)

.os.data.icunit
                0x40508000        0x0
                0x40508000                _os_data_icunit_start = ABSOLUTE (.)
 *(.os.data.icunit)
                0x40508000                _os_data_icunit_end = ABSOLUTE (.)

.os.shared.test.data
                0x40508000        0x0
                0x40508000                _os_shared_test_data_start = ABSOLUTE (.)
 *(.os.shared.test.data)
                0x40508000                _os_shared_test_data_end = ABSOLUTE (.)

.text           0x40508000    0xe2163
                0x40508000                _stext = .
                0x40508000                _text_start = ABSOLUTE (.)
 *(.entry.text)
 *(.init.literal)
 *(.init)
 .init          0x40508000        0x9 /opt/xtensa/RG-2016.4-linux/VP60_1124/xtensa-elf/lib/libc.a(closeall.o)
 *(.literal .text .literal.* .text.* .stub .gnu.warning .gnu.linkonce.literal.* .gnu.linkonce.t.*.literal .gnu.linkonce.t.*)
 *fill*         0x40508009        0x7 
 .text.SvpDspRunTimeExit
                0x40508010       0x4b ./svp_dsp_runtime.o
 *fill*         0x4050805b        0x5 
 .text.SvpDspSendResMsg
                0x40508060      0x233 ./svp_dsp_runtime.o
 *fill*         0x40508293        0xd 
 .text.SVP_DSP_RecvNotifierCallBack_Pri0
                0x405082a0      0x127 ./svp_dsp_runtime.o
                                0x137 (size before relaxing)
 *fill*         0x405083c7        0x9 
 .text.SVP_DSP_RecvNotifierCallBack_Pri1
                0x405083d0      0x127 ./svp_dsp_runtime.o
                                0x137 (size before relaxing)
 *fill*         0x405084f7        0x9 
 .text.SVP_DSP_RecvNotifierCallBack_Pri2
                0x40508500      0x127 ./svp_dsp_runtime.o
                                0x137 (size before relaxing)
 *fill*         0x40508627        0x9 
 .text.SvpDspCreateChn
                0x40508630       0x9d ./svp_dsp_runtime.o
 *fill*         0x405086cd        0x3 
 .text.SvpDspDestroyChn
                0x405086d0       0x6f ./svp_dsp_runtime.o
 *fill*         0x4050873f        0x1 
 .text.SVP_DSP_MainProcessExit
                0x40508740       0x5d ./svp_dsp_runtime.o
                                 0x83 (size before relaxing)
 *fill*         0x4050879d        0x3 
 .text.SVP_DSP_MainProcess
                0x405087a0      0x218 ./svp_dsp_runtime.o
                                0x22e (size before relaxing)
 *fill*         0x405089b8        0x8 
 .text.app_init
                0x405089c0      0x3f7 ./svp_dsp_runtime.o
                0x405089c0                app_init
 *fill*         0x40508db7        0x9 
 .text.SVP_DSP_BUF_Init
                0x40508dc0       0x76 ./svp_dsp_buf.o
                                 0x7c (size before relaxing)
                0x40508dc0                SVP_DSP_BUF_Init
 *fill*         0x40508e36        0xa 
 .text.SVP_DSP_BUF_DeInit
                0x40508e40       0x1e ./svp_dsp_buf.o
                0x40508e40                SVP_DSP_BUF_DeInit
 *fill*         0x40508e5e        0x2 
 .text.SVP_DSP_BUF_PutNodeToFreeList
                0x40508e60       0x32 ./svp_dsp_buf.o
                0x40508e60                SVP_DSP_BUF_PutNodeToFreeList
 *fill*         0x40508e92        0xe 
 .text.SVP_DSP_BUF_GetNodeFromFreeList
                0x40508ea0       0x4e ./svp_dsp_buf.o
                0x40508ea0                SVP_DSP_BUF_GetNodeFromFreeList
 *fill*         0x40508eee        0x2 
 .text.SVP_DSP_BUF_PutNodeToBusyList
                0x40508ef0       0x3a ./svp_dsp_buf.o
                0x40508ef0                SVP_DSP_BUF_PutNodeToBusyList
 *fill*         0x40508f2a        0x6 
 .text.SVP_DSP_BUF_GetNodeFromBusyList
                0x40508f30       0x4d ./svp_dsp_buf.o
                0x40508f30                SVP_DSP_BUF_GetNodeFromBusyList
 *fill*         0x40508f7d        0x3 
 .text.SVP_DSP_BUF_IsBusyListEmpty
                0x40508f80       0x26 ./svp_dsp_buf.o
                0x40508f80                SVP_DSP_BUF_IsBusyListEmpty
 *fill*         0x40508fa6        0xa 
 .text.SVP_DSP_BUF_ReleaseAllNodeFromBusyList
                0x40508fb0       0x49 ./svp_dsp_buf.o
                                 0x5b (size before relaxing)
                0x40508fb0                SVP_DSP_BUF_ReleaseAllNodeFromBusyList
 *fill*         0x40508ff9        0x7 
 .text.LOS_EventInit
                0x40509000       0x29 /home/zhou/WZ405/405_project/mpp/out/liteos/dsp/dsp0/liteos/liteos/out/dsp/lib/liblitekernel.a(los_event.o)
                0x40509000                LOS_EventInit
 *fill*         0x40509029        0x7 
 .text.LOS_EventPoll
                0x40509030       0x78 /home/zhou/WZ405/405_project/mpp/out/liteos/dsp/dsp0/liteos/liteos/out/dsp/lib/liblitekernel.a(los_event.o)
                0x40509030                LOS_EventPoll
 *fill*         0x405090a8        0x8 
 .text.LOS_EventRead
                0x405090b0      0x1bd /home/zhou/WZ405/405_project/mpp/out/liteos/dsp/dsp0/liteos/liteos/out/dsp/lib/liblitekernel.a(los_event.o)
                                0x1c3 (size before relaxing)
                0x405090b0                LOS_EventRead
 *fill*         0x4050926d        0x3 
 .text.LOS_EventWrite
                0x40509270      0x1a7 /home/zhou/WZ405/405_project/mpp/out/liteos/dsp/dsp0/liteos/liteos/out/dsp/lib/liblitekernel.a(los_event.o)
                                0x1ad (size before relaxing)
                0x40509270                LOS_EventWrite
 *fill*         0x40509417        0x9 
 .text.osPriqueueInit
                0x40509420       0x52 /home/zhou/WZ405/405_project/mpp/out/liteos/dsp/dsp0/liteos/liteos/out/dsp/lib/liblitekernel.a(los_priqueue.o)
                0x40509420                osPriqueueInit
 *fill*         0x40509472        0xe 
 .text.osPriqueueEnqueue
                0x40509480       0x1e /home/zhou/WZ405/405_project/mpp/out/liteos/dsp/dsp0/liteos/liteos/out/dsp/lib/liblitekernel.a(los_priqueue.o)
                0x40509480                osPriqueueEnqueue
 *fill*         0x4050949e        0x2 
 .text.osPriqueueDequeue
                0x405094a0       0x1f /home/zhou/WZ405/405_project/mpp/out/liteos/dsp/dsp0/liteos/liteos/out/dsp/lib/liblitekernel.a(los_priqueue.o)
                0x405094a0                osPriqueueDequeue
 *fill*         0x405094bf        0x1 
 .text.osPriqueueTop
                0x405094c0       0x1d /home/zhou/WZ405/405_project/mpp/out/liteos/dsp/dsp0/liteos/liteos/out/dsp/lib/liblitekernel.a(los_priqueue.o)
                0x405094c0                osPriqueueTop
 *fill*         0x405094dd        0x3 
 .text.osPriqueueSize
                0x405094e0       0x34 /home/zhou/WZ405/405_project/mpp/out/liteos/dsp/dsp0/liteos/liteos/out/dsp/lib/liblitekernel.a(los_priqueue.o)
                0x405094e0                osPriqueueSize
 *fill*         0x40509514        0xc 
 .text.show_tasks
                0x40509520      0x10a /home/zhou/WZ405/405_project/mpp/out/liteos/dsp/dsp0/liteos/liteos/out/dsp/lib/liblitekernel.a(los_task.o)
                0x40509520                show_tasks
 *fill*         0x4050962a        0x6 
 .text.osIdleTask
                0x40509630        0x9 /home/zhou/WZ405/405_project/mpp/out/liteos/dsp/dsp0/liteos/liteos/out/dsp/lib/liblitekernel.a(los_task.o)
                                  0xf (size before relaxing)
                0x40509630                osIdleTask
 *fill*         0x40509639        0x7 
 .text.osTaskPriModify
                0x40509640       0x4e /home/zhou/WZ405/405_project/mpp/out/liteos/dsp/dsp0/liteos/liteos/out/dsp/lib/liblitekernel.a(los_task.o)
                                 0x5a (size before relaxing)
                0x40509640                osTaskPriModify
 *fill*         0x4050968e        0x2 
 .text.osTaskAdd2TimerList
                0x40509690      0x102 /home/zhou/WZ405/405_project/mpp/out/liteos/dsp/dsp0/liteos/liteos/out/dsp/lib/liblitekernel.a(los_task.o)
                0x40509690                osTaskAdd2TimerList
 *fill*         0x40509792        0xe 
 .text.osTimerListDelete
                0x405097a0       0x8b /home/zhou/WZ405/405_project/mpp/out/liteos/dsp/dsp0/liteos/liteos/out/dsp/lib/liblitekernel.a(los_task.o)
                0x405097a0                osTimerListDelete
 *fill*         0x4050982b        0x5 
 .text.osTaskScan
                0x40509830      0x18f /home/zhou/WZ405/405_project/mpp/out/liteos/dsp/dsp0/liteos/liteos/out/dsp/lib/liblitekernel.a(los_task.o)
                0x40509830                osTaskScan
 *fill*         0x405099bf        0x1 
 .text.osTaskInit
                0x405099c0      0x186 /home/zhou/WZ405/405_project/mpp/out/liteos/dsp/dsp0/liteos/liteos/out/dsp/lib/liblitekernel.a(los_task.o)
                0x405099c0                osTaskInit
 *fill*         0x40509b46        0xa 
 .text.osIdleTaskCreate
                0x40509b50       0x57 /home/zhou/WZ405/405_project/mpp/out/liteos/dsp/dsp0/liteos/liteos/out/dsp/lib/liblitekernel.a(los_task.o)
                                 0x5d (size before relaxing)
                0x40509b50                osIdleTaskCreate
 *fill*         0x40509ba7        0x9 
 .text.LOS_CurTaskIDGet
                0x40509bb0       0x19 /home/zhou/WZ405/405_project/mpp/out/liteos/dsp/dsp0/liteos/liteos/out/dsp/lib/liblitekernel.a(los_task.o)
                0x40509bb0                LOS_CurTaskIDGet
 *fill*         0x40509bc9        0x7 
 .text.osTaskSelfDelete
                0x40509bd0      0x1a6 /home/zhou/WZ405/405_project/mpp/out/liteos/dsp/dsp0/liteos/liteos/out/dsp/lib/liblitekernel.a(los_task.o)
                                0x1ac (size before relaxing)
                0x40509bd0                osTaskSelfDelete
 *fill*         0x40509d76        0xa 
 .text.osTaskStackCheck
                0x40509d80       0xc4 /home/zhou/WZ405/405_project/mpp/out/liteos/dsp/dsp0/liteos/liteos/out/dsp/lib/liblitekernel.a(los_task.o)
 *fill*         0x40509e44        0xc 
 .text.osTaskMonInit
                0x40509e50       0x21 /home/zhou/WZ405/405_project/mpp/out/liteos/dsp/dsp0/liteos/liteos/out/dsp/lib/liblitekernel.a(los_task.o)
                0x40509e50                osTaskMonInit
 *fill*         0x40509e71        0xf 
 .text.osTaskSwitchCheck
                0x40509e80       0x17 /home/zhou/WZ405/405_project/mpp/out/liteos/dsp/dsp0/liteos/liteos/out/dsp/lib/liblitekernel.a(los_task.o)
                                 0x1d (size before relaxing)
                0x40509e80                osTaskSwitchCheck
 *fill*         0x40509e97        0x9 
 .text.osTaskEntry
                0x40509ea0       0xef /home/zhou/WZ405/405_project/mpp/out/liteos/dsp/dsp0/liteos/liteos/out/dsp/lib/liblitekernel.a(los_task.o)
                0x40509ea0                osTaskEntry
 *fill*         0x40509f8f        0x1 
 .text.LOS_TaskCreateOnly
                0x40509f90      0x35a /home/zhou/WZ405/405_project/mpp/out/liteos/dsp/dsp0/liteos/liteos/out/dsp/lib/liblitekernel.a(los_task.o)
                0x40509f90                LOS_TaskCreateOnly
 *fill*         0x4050a2ea        0x6 
 .text.LOS_TaskCreate
                0x4050a2f0      0x10e /home/zhou/WZ405/405_project/mpp/out/liteos/dsp/dsp0/liteos/liteos/out/dsp/lib/liblitekernel.a(los_task.o)
                                0x114 (size before relaxing)
                0x4050a2f0                LOS_TaskCreate
 *fill*         0x4050a3fe        0x2 
 .text.LOS_TaskDelay
                0x4050a400       0x87 /home/zhou/WZ405/405_project/mpp/out/liteos/dsp/dsp0/liteos/liteos/out/dsp/lib/liblitekernel.a(los_task.o)
                                 0x8d (size before relaxing)
                0x4050a400                LOS_TaskDelay
 *fill*         0x4050a487        0x9 
 .text.LOS_TaskYield
                0x4050a490       0xb0 /home/zhou/WZ405/405_project/mpp/out/liteos/dsp/dsp0/liteos/liteos/out/dsp/lib/liblitekernel.a(los_task.o)
                0x4050a490                LOS_TaskYield
 .text.LOS_TaskLock
                0x4050a540       0x1c /home/zhou/WZ405/405_project/mpp/out/liteos/dsp/dsp0/liteos/liteos/out/dsp/lib/liblitekernel.a(los_task.o)
                0x4050a540                LOS_TaskLock
 *fill*         0x4050a55c        0x4 
 .text.LOS_TaskUnlock
                0x4050a560       0x3b /home/zhou/WZ405/405_project/mpp/out/liteos/dsp/dsp0/liteos/liteos/out/dsp/lib/liblitekernel.a(los_task.o)
                                 0x41 (size before relaxing)
                0x4050a560                LOS_TaskUnlock
 *fill*         0x4050a59b        0x5 
 .text.osMemSystemInit
                0x4050a5a0       0x3a /home/zhou/WZ405/405_project/mpp/out/liteos/dsp/dsp0/liteos/liteos/out/dsp/lib/liblitekernel.a(los_memory.o)
                                 0x40 (size before relaxing)
                0x4050a5a0                osMemSystemInit
 *fill*         0x4050a5da        0x6 
 .text.osMemStackInit
                0x4050a5e0       0x3a /home/zhou/WZ405/405_project/mpp/out/liteos/dsp/dsp0/liteos/liteos/out/dsp/lib/liblitekernel.a(los_memory.o)
                                 0x40 (size before relaxing)
                0x4050a5e0                osMemStackInit
 *fill*         0x4050a61a        0x6 
 .text.osMemSpitNode
                0x4050a620       0xa0 /home/zhou/WZ405/405_project/mpp/out/liteos/dsp/dsp0/liteos/liteos/out/dsp/lib/liblitekernel.a(los_memory.o)
 .text.osMemFreeNode
                0x4050a6c0      0x192 /home/zhou/WZ405/405_project/mpp/out/liteos/dsp/dsp0/liteos/liteos/out/dsp/lib/liblitekernel.a(los_memory.o)
 *fill*         0x4050a852        0xe 
 .text.osMemCheckUsedNode
                0x4050a860       0xb2 /home/zhou/WZ405/405_project/mpp/out/liteos/dsp/dsp0/liteos/liteos/out/dsp/lib/liblitekernel.a(los_memory.o)
 *fill*         0x4050a912        0xe 
 .text.osMemAllocWithCheck
                0x4050a920      0x1a6 /home/zhou/WZ405/405_project/mpp/out/liteos/dsp/dsp0/liteos/liteos/out/dsp/lib/liblitekernel.a(los_memory.o)
                                0x1ac (size before relaxing)
 *fill*         0x4050aac6        0xa 
 .text.LOS_MemInit
                0x4050aad0      0x101 /home/zhou/WZ405/405_project/mpp/out/liteos/dsp/dsp0/liteos/liteos/out/dsp/lib/liblitekernel.a(los_memory.o)
                0x4050aad0                LOS_MemInit
 *fill*         0x4050abd1        0xf 
 .text.LOS_MemAlloc
                0x4050abe0      0x1d0 /home/zhou/WZ405/405_project/mpp/out/liteos/dsp/dsp0/liteos/liteos/out/dsp/lib/liblitekernel.a(los_memory.o)
                                0x1e6 (size before relaxing)
                0x4050abe0                LOS_MemAlloc
 *fill*         0x4050adb0        0x0 
 .text.LOS_MemAllocAlign
                0x4050adb0       0x79 /home/zhou/WZ405/405_project/mpp/out/liteos/dsp/dsp0/liteos/liteos/out/dsp/lib/liblitekernel.a(los_memory.o)
                0x4050adb0                LOS_MemAllocAlign
 *fill*         0x4050ae29        0x7 
 .text.LOS_MemFree
                0x4050ae30       0x85 /home/zhou/WZ405/405_project/mpp/out/liteos/dsp/dsp0/liteos/liteos/out/dsp/lib/liblitekernel.a(los_memory.o)
                                 0x8b (size before relaxing)
                0x4050ae30                LOS_MemFree
 *fill*         0x4050aeb5        0xb 
 .text.osMemInfoPrint
                0x4050aec0       0xaa /home/zhou/WZ405/405_project/mpp/out/liteos/dsp/dsp0/liteos/liteos/out/dsp/lib/liblitekernel.a(los_memory.o)
                                 0xb0 (size before relaxing)
                0x4050aec0                osMemInfoPrint
 *fill*         0x4050af6a        0x6 
 .text.LOS_MemInfoGet
                0x4050af70      0x120 /home/zhou/WZ405/405_project/mpp/out/liteos/dsp/dsp0/liteos/liteos/out/dsp/lib/liblitekernel.a(los_memory.o)
                0x4050af70                LOS_MemInfoGet
 .text.osTaskMemUsedInc
                0x4050b090       0x53 /home/zhou/WZ405/405_project/mpp/out/liteos/dsp/dsp0/liteos/liteos/out/dsp/lib/liblitekernel.a(los_memstat.o)
                0x4050b090                osTaskMemUsedInc
 *fill*         0x4050b0e3        0xd 
 .text.osTaskMemUsedDec
                0x4050b0f0       0x3e /home/zhou/WZ405/405_project/mpp/out/liteos/dsp/dsp0/liteos/liteos/out/dsp/lib/liblitekernel.a(los_memstat.o)
                0x4050b0f0                osTaskMemUsedDec
 *fill*         0x4050b12e        0x2 
 .text.osDLnkInitMultiHead
                0x4050b130       0x14 /home/zhou/WZ405/405_project/mpp/out/liteos/dsp/dsp0/liteos/liteos/out/dsp/lib/liblitekernel.a(los_multipledlinkhead.o)
                0x4050b130                osDLnkInitMultiHead
 *fill*         0x4050b144        0xc 
 .text.osDLnkMultiHead
                0x4050b150      0x340 /home/zhou/WZ405/405_project/mpp/out/liteos/dsp/dsp0/liteos/liteos/out/dsp/lib/liblitekernel.a(los_multipledlinkhead.o)
                0x4050b150                osDLnkMultiHead
 .text.LOS_Align
                0x4050b490       0x21 /home/zhou/WZ405/405_project/mpp/out/liteos/dsp/dsp0/liteos/liteos/out/dsp/lib/liblitekernel.a(los_misc.o)
                0x4050b490                LOS_Align
 *fill*         0x4050b4b1        0xf 
 .text.LOS_Msleep
                0x4050b4c0       0x3b /home/zhou/WZ405/405_project/mpp/out/liteos/dsp/dsp0/liteos/liteos/out/dsp/lib/liblitekernel.a(los_misc.o)
                0x4050b4c0                LOS_Msleep
 *fill*         0x4050b4fb        0x5 
 .text.osShellCmdConvertTskStatus
                0x4050b500       0x92 /home/zhou/WZ405/405_project/mpp/out/liteos/dsp/dsp0/liteos/liteos/out/dsp/lib/liblitekernel.a(task_shellcmd.o)
                0x4050b500                osShellCmdConvertTskStatus
 *fill*         0x4050b592        0xe 
 .text.osShellCmdTaskWaterLineGet
                0x4050b5a0       0x68 /home/zhou/WZ405/405_project/mpp/out/liteos/dsp/dsp0/liteos/liteos/out/dsp/lib/liblitekernel.a(task_shellcmd.o)
                0x4050b5a0                osShellCmdTaskWaterLineGet
 *fill*         0x4050b608        0x8 
 .text.osSemInit
                0x4050b610       0xb8 /home/zhou/WZ405/405_project/mpp/out/liteos/dsp/dsp0/liteos/liteos/out/dsp/lib/liblitekernel.a(los_sem.o)
                0x4050b610                osSemInit
 *fill*         0x4050b6c8        0x8 
 .text.LOS_SemPost
                0x4050b6d0      0x15f /home/zhou/WZ405/405_project/mpp/out/liteos/dsp/dsp0/liteos/liteos/out/dsp/lib/liblitekernel.a(los_sem.o)
                                0x165 (size before relaxing)
                0x4050b6d0                LOS_SemPost
 *fill*         0x4050b82f        0x1 
 .text.LOS_MS2Tick
                0x4050b830       0x2d /home/zhou/WZ405/405_project/mpp/out/liteos/dsp/dsp0/liteos/liteos/out/dsp/lib/liblitekernel.a(los_sys.o)
                0x4050b830                LOS_MS2Tick
 *fill*         0x4050b85d        0x3 
 .text.osTickHandler
                0x4050b860       0x4a /home/zhou/WZ405/405_project/mpp/out/liteos/dsp/dsp0/liteos/liteos/out/dsp/lib/liblitekernel.a(los_tick.o)
                                 0x60 (size before relaxing)
                0x4050b860                osTickHandler
 *fill*         0x4050b8aa        0x6 
 .text.osTimesliceInit
                0x4050b8b0       0x1d /home/zhou/WZ405/405_project/mpp/out/liteos/dsp/dsp0/liteos/liteos/out/dsp/lib/liblitekernel.a(los_timeslice.o)
                0x4050b8b0                osTimesliceInit
 *fill*         0x4050b8cd        0x3 
 .text.osTimesliceCheck
                0x4050b8d0       0x59 /home/zhou/WZ405/405_project/mpp/out/liteos/dsp/dsp0/liteos/liteos/out/dsp/lib/liblitekernel.a(los_timeslice.o)
                                 0x5f (size before relaxing)
                0x4050b8d0                osTimesliceCheck
 *fill*         0x4050b929        0x7 
 .text.LOS_ErrHandle
                0x4050b930       0x26 /home/zhou/WZ405/405_project/mpp/out/liteos/dsp/dsp0/liteos/liteos/out/dsp/lib/liblitekernel.a(los_err.o)
                0x4050b930                LOS_ErrHandle
 *fill*         0x4050b956        0xa 
 .text.osSwTmrTask
                0x4050b960       0x49 /home/zhou/WZ405/405_project/mpp/out/liteos/dsp/dsp0/liteos/liteos/out/dsp/lib/liblitekernel.a(los_swtmr.o)
                                 0x55 (size before relaxing)
                0x4050b960                osSwTmrTask
 *fill*         0x4050b9a9        0x7 
 .text.osSwTmrTaskCreate
                0x4050b9b0       0x56 /home/zhou/WZ405/405_project/mpp/out/liteos/dsp/dsp0/liteos/liteos/out/dsp/lib/liblitekernel.a(los_swtmr.o)
                                 0x5c (size before relaxing)
                0x4050b9b0                osSwTmrTaskCreate
 *fill*         0x4050ba06        0xa 
 .text.osSwTmrInit
                0x4050ba10      0x11e /home/zhou/WZ405/405_project/mpp/out/liteos/dsp/dsp0/liteos/liteos/out/dsp/lib/liblitekernel.a(los_swtmr.o)
                0x4050ba10                osSwTmrInit
 *fill*         0x4050bb2e        0x2 
 .text.osSwTmrStart
                0x4050bb30       0x96 /home/zhou/WZ405/405_project/mpp/out/liteos/dsp/dsp0/liteos/liteos/out/dsp/lib/liblitekernel.a(los_swtmr.o)
                0x4050bb30                osSwTmrStart
 *fill*         0x4050bbc6        0xa 
 .text.osSwtmrScan
                0x4050bbd0       0xe7 /home/zhou/WZ405/405_project/mpp/out/liteos/dsp/dsp0/liteos/liteos/out/dsp/lib/liblitekernel.a(los_swtmr.o)
                                 0xed (size before relaxing)
                0x4050bbd0                osSwtmrScan
 *fill*         0x4050bcb7        0x9 
 .text.osSwtmrStop
                0x4050bcc0       0x97 /home/zhou/WZ405/405_project/mpp/out/liteos/dsp/dsp0/liteos/liteos/out/dsp/lib/liblitekernel.a(los_swtmr.o)
                0x4050bcc0                osSwtmrStop
 *fill*         0x4050bd57        0x9 
 .text.LOS_SwtmrCreate
                0x4050bd60       0x98 /home/zhou/WZ405/405_project/mpp/out/liteos/dsp/dsp0/liteos/liteos/out/dsp/lib/liblitekernel.a(los_swtmr.o)
                0x4050bd60                LOS_SwtmrCreate
 *fill*         0x4050bdf8        0x8 
 .text.LOS_SwtmrStart
                0x4050be00       0x94 /home/zhou/WZ405/405_project/mpp/out/liteos/dsp/dsp0/liteos/liteos/out/dsp/lib/liblitekernel.a(los_swtmr.o)
                                 0xa0 (size before relaxing)
                0x4050be00                LOS_SwtmrStart
 *fill*         0x4050be94        0xc 
 .text.LOS_SwtmrStop
                0x4050bea0       0x9d /home/zhou/WZ405/405_project/mpp/out/liteos/dsp/dsp0/liteos/liteos/out/dsp/lib/liblitekernel.a(los_swtmr.o)
                                 0xa3 (size before relaxing)
                0x4050bea0                LOS_SwtmrStop
 *fill*         0x4050bf3d        0x3 
 .text.LOS_SwtmrDelete
                0x4050bf40       0xa7 /home/zhou/WZ405/405_project/mpp/out/liteos/dsp/dsp0/liteos/liteos/out/dsp/lib/liblitekernel.a(los_swtmr.o)
                                 0xad (size before relaxing)
                0x4050bf40                LOS_SwtmrDelete
 *fill*         0x4050bfe7        0x9 
 .text.LOS_MemboxInit
                0x4050bff0       0x7e /home/zhou/WZ405/405_project/mpp/out/liteos/dsp/dsp0/liteos/liteos/out/dsp/lib/liblitekernel.a(los_membox.o)
                0x4050bff0                LOS_MemboxInit
 *fill*         0x4050c06e        0x2 
 .text.LOS_MemboxAlloc
                0x4050c070       0x3a /home/zhou/WZ405/405_project/mpp/out/liteos/dsp/dsp0/liteos/liteos/out/dsp/lib/liblitekernel.a(los_membox.o)
                0x4050c070                LOS_MemboxAlloc
 *fill*         0x4050c0aa        0x6 
 .text.LOS_MemboxFree
                0x4050c0b0       0x68 /home/zhou/WZ405/405_project/mpp/out/liteos/dsp/dsp0/liteos/liteos/out/dsp/lib/liblitekernel.a(los_membox.o)
                0x4050c0b0                LOS_MemboxFree
 *fill*         0x4050c118        0x8 
 .text.osQueueInit
                0x4050c120       0x54 /home/zhou/WZ405/405_project/mpp/out/liteos/dsp/dsp0/liteos/liteos/out/dsp/lib/liblitekernel.a(los_queue.o)
                0x4050c120                osQueueInit
 *fill*         0x4050c174        0xc 
 .text.osQueueCreate
                0x4050c180       0x99 /home/zhou/WZ405/405_project/mpp/out/liteos/dsp/dsp0/liteos/liteos/out/dsp/lib/liblitekernel.a(los_queue.o)
                0x4050c180                osQueueCreate
 *fill*         0x4050c219        0x7 
 .text.osQueuePend
                0x4050c220       0xb7 /home/zhou/WZ405/405_project/mpp/out/liteos/dsp/dsp0/liteos/liteos/out/dsp/lib/liblitekernel.a(los_queue.o)
 *fill*         0x4050c2d7        0x9 
 .text.osQueueWakeUp
                0x4050c2e0       0x6f /home/zhou/WZ405/405_project/mpp/out/liteos/dsp/dsp0/liteos/liteos/out/dsp/lib/liblitekernel.a(los_queue.o)
                                 0x75 (size before relaxing)
 *fill*         0x4050c34f        0x1 
 .text.LOS_QueueCreate
                0x4050c350       0x9c /home/zhou/WZ405/405_project/mpp/out/liteos/dsp/dsp0/liteos/liteos/out/dsp/lib/liblitekernel.a(los_queue.o)
                0x4050c350                LOS_QueueCreate
 *fill*         0x4050c3ec        0x4 
 .text.LOS_QueueRead
                0x4050c3f0      0x18d /home/zhou/WZ405/405_project/mpp/out/liteos/dsp/dsp0/liteos/liteos/out/dsp/lib/liblitekernel.a(los_queue.o)
                                0x199 (size before relaxing)
                0x4050c3f0                LOS_QueueRead
 *fill*         0x4050c57d        0x3 
 .text.LOS_QueueWrite
                0x4050c580      0x1aa /home/zhou/WZ405/405_project/mpp/out/liteos/dsp/dsp0/liteos/liteos/out/dsp/lib/liblitekernel.a(los_queue.o)
                                0x1b6 (size before relaxing)
                0x4050c580                LOS_QueueWrite
 *fill*         0x4050c72a        0x6 
 .text.osCpupInit
                0x4050c730       0x66 /home/zhou/WZ405/405_project/mpp/out/liteos/dsp/dsp0/liteos/liteos/out/dsp/lib/libcpup.a(los_cpup.o)
                0x4050c730                osCpupInit
 *fill*         0x4050c796        0xa 
 .text.osGetCpuCycle
                0x4050c7a0       0x2b /home/zhou/WZ405/405_project/mpp/out/liteos/dsp/dsp0/liteos/liteos/out/dsp/lib/libcpup.a(los_cpup.o)
                0x4050c7a0                osGetCpuCycle
 *fill*         0x4050c7cb        0x5 
 .text.osTskCycleEndStart
                0x4050c7d0      0x1e3 /home/zhou/WZ405/405_project/mpp/out/liteos/dsp/dsp0/liteos/liteos/out/dsp/lib/libcpup.a(los_cpup.o)
                0x4050c7d0                osTskCycleEndStart
 *fill*         0x4050c9b3        0xd 
 .text.osSchedule
                0x4050c9c0       0x27 /home/zhou/WZ405/405_project/mpp/out/liteos/dsp/dsp0/liteos/liteos/out/dsp/lib/libdspcore.a(los_hw.o)
                0x4050c9c0                osSchedule
 *fill*         0x4050c9e7        0x9 
 .text.LOS_Schedule
                0x4050c9f0       0x75 /home/zhou/WZ405/405_project/mpp/out/liteos/dsp/dsp0/liteos/liteos/out/dsp/lib/libdspcore.a(los_hw.o)
                0x4050c9f0                LOS_Schedule
 *fill*         0x4050ca65        0xb 
 .text.osTskStackInit
                0x4050ca70       0xb3 /home/zhou/WZ405/405_project/mpp/out/liteos/dsp/dsp0/liteos/liteos/out/dsp/lib/libdspcore.a(los_hw.o)
                0x4050ca70                osTskStackInit
 *fill*         0x4050cb23        0xd 
 .text.wfi      0x4050cb30        0x5 /home/zhou/WZ405/405_project/mpp/out/liteos/dsp/dsp0/liteos/liteos/out/dsp/lib/libdspcore.a(los_hw.o)
                0x4050cb30                wfi
 *fill*         0x4050cb35        0xb 
 .text.LOS_HwiEnable
                0x4050cb40       0x25 /home/zhou/WZ405/405_project/mpp/out/liteos/dsp/dsp0/liteos/liteos/out/dsp/lib/libdspcore.a(los_hwi.o)
                0x4050cb40                LOS_HwiEnable
 *fill*         0x4050cb65        0xb 
 .text.LOS_HwiDisable
                0x4050cb70       0x2d /home/zhou/WZ405/405_project/mpp/out/liteos/dsp/dsp0/liteos/liteos/out/dsp/lib/libdspcore.a(los_hwi.o)
                0x4050cb70                LOS_HwiDisable
 *fill*         0x4050cb9d        0x3 
 .text.osHwiDefaultHandler
                0x4050cba0        0x5 /home/zhou/WZ405/405_project/mpp/out/liteos/dsp/dsp0/liteos/liteos/out/dsp/lib/libdspcore.a(los_hwi.o)
                0x4050cba0                osHwiDefaultHandler
 *fill*         0x4050cba5        0xb 
 .text.osHwiInit
                0x4050cbb0       0x30 /home/zhou/WZ405/405_project/mpp/out/liteos/dsp/dsp0/liteos/liteos/out/dsp/lib/libdspcore.a(los_hwi.o)
                0x4050cbb0                osHwiInit
 .text.LOS_HwiCreate
                0x4050cbe0       0x6c /home/zhou/WZ405/405_project/mpp/out/liteos/dsp/dsp0/liteos/liteos/out/dsp/lib/libdspcore.a(los_hwi.o)
                0x4050cbe0                LOS_HwiCreate
 *fill*         0x4050cc4c        0x4 
 .text.LOS_HwiDelete
                0x4050cc50       0x46 /home/zhou/WZ405/405_project/mpp/out/liteos/dsp/dsp0/liteos/liteos/out/dsp/lib/libdspcore.a(los_hwi.o)
                                 0x4c (size before relaxing)
                0x4050cc50                LOS_HwiDelete
 *fill*         0x4050cc96        0xa 
 .text.osTickISR
                0x4050cca0       0x3c /home/zhou/WZ405/405_project/mpp/out/liteos/dsp/dsp0/liteos/liteos/out/dsp/lib/libdspcore.a(los_hw_tick.o)
                0x4050cca0                osTickISR
 *fill*         0x4050ccdc        0x4 
 .text.osTickInit
                0x4050cce0       0x5b /home/zhou/WZ405/405_project/mpp/out/liteos/dsp/dsp0/liteos/liteos/out/dsp/lib/libdspcore.a(los_hw_tick.o)
                0x4050cce0                osTickInit
 *fill*         0x4050cd3b        0x5 
 .text.osTickStart
                0x4050cd40       0x61 /home/zhou/WZ405/405_project/mpp/out/liteos/dsp/dsp0/liteos/liteos/out/dsp/lib/libdspcore.a(los_hw_tick.o)
                                 0x67 (size before relaxing)
                0x4050cd40                osTickStart
 *fill*         0x4050cda1        0xf 
 .text.hal_clock_irqclear
                0x4050cdb0        0x5 /home/zhou/WZ405/405_project/mpp/out/liteos/dsp/dsp0/liteos/liteos/out/dsp/lib/libdsp.a(IVP32_HHS_K3V5_P6_board.o)
                0x4050cdb0                hal_clock_irqclear
 *fill*         0x4050cdb5        0xb 
 .text.board_config
                0x4050cdc0       0x63 /home/zhou/WZ405/405_project/mpp/out/liteos/dsp/dsp0/liteos/liteos/out/dsp/lib/libdsp.a(IVP32_HHS_K3V5_P6_board.o)
                0x4050cdc0                board_config
 *fill*         0x4050ce23        0xd 
 .text.LOS_SetMemAttribute
                0x4050ce30       0x3c /home/zhou/WZ405/405_project/mpp/out/liteos/dsp/dsp0/liteos/liteos/out/dsp/lib/libdsp.a(IVP32_HHS_K3V5_P6_board.o)
                0x4050ce30                LOS_SetMemAttribute
 *fill*         0x4050ce6c        0x4 
 .text.Hardware_config
                0x4050ce70        0x8 /home/zhou/WZ405/405_project/mpp/out/liteos/dsp/dsp0/liteos/liteos/out/dsp/lib/libdsp.a(IVP32_HHS_K3V5_P6_board.o)
                                  0xe (size before relaxing)
                0x4050ce70                Hardware_config
 *fill*         0x4050ce78        0x8 
 .text.update_sched_clock
                0x4050ce80        0x5 /home/zhou/WZ405/405_project/mpp/out/liteos/dsp/dsp0/liteos/liteos/out/dsp/lib/libdsp.a(los_config.o)
                0x4050ce80                update_sched_clock
 *fill*         0x4050ce85        0xb 
 .text.sched_clock_swtmr
                0x4050ce90       0xa7 /home/zhou/WZ405/405_project/mpp/out/liteos/dsp/dsp0/liteos/liteos/out/dsp/lib/libdsp.a(los_config.o)
                0x4050ce90                sched_clock_swtmr
 *fill*         0x4050cf37        0x9 
 .text.osRegister
                0x4050cf40       0x12 /home/zhou/WZ405/405_project/mpp/out/liteos/dsp/dsp0/liteos/liteos/out/dsp/lib/libdsp.a(los_config.o)
                0x4050cf40                osRegister
 *fill*         0x4050cf52        0xe 
 .text.osStart  0x4050cf60       0x21 /home/zhou/WZ405/405_project/mpp/out/liteos/dsp/dsp0/liteos/liteos/out/dsp/lib/libdsp.a(los_config.o)
                                 0x2d (size before relaxing)
                0x4050cf60                osStart
 *fill*         0x4050cf81        0xf 
 .text.osMain   0x4050cf90      0x118 /home/zhou/WZ405/405_project/mpp/out/liteos/dsp/dsp0/liteos/liteos/out/dsp/lib/libdsp.a(los_config.o)
                                0x12e (size before relaxing)
                0x4050cf90                osMain
 *fill*         0x4050d0a8        0x8 
 .text.main     0x4050d0b0       0x94 /home/zhou/WZ405/405_project/mpp/out/liteos/dsp/dsp0/liteos/liteos/out/dsp/lib/libdsp.a(los_config.o)
                                 0xb6 (size before relaxing)
                0x4050d0b0                main
 *fill*         0x4050d144        0xc 
 .text.osAppInit
                0x4050d150       0x60 /home/zhou/WZ405/405_project/mpp/out/liteos/dsp/dsp0/liteos/liteos/out/dsp/lib/libdsp.a(los_config.o)
                                 0x66 (size before relaxing)
                0x4050d150                osAppInit
 *fill*         0x4050d1b0        0x0 
 .text.LOS_GetCpuCycle
                0x4050d1b0       0x45 /home/zhou/WZ405/405_project/mpp/out/liteos/dsp/dsp0/liteos/liteos/out/dsp/lib/libbspcommon.a(los_hw_tick_minor.o)
                0x4050d1b0                LOS_GetCpuCycle
 *fill*         0x4050d1f5        0xb 
 .text.pthread_mutexattr_init
                0x4050d200       0x2c /home/zhou/WZ405/405_project/mpp/out/liteos/dsp/dsp0/liteos/liteos/out/dsp/lib/libposix.a(mutex.o)
                0x4050d200                pthread_mutexattr_init
 *fill*         0x4050d22c        0x4 
 .text.pthread_mutex_init
                0x4050d230       0x93 /home/zhou/WZ405/405_project/mpp/out/liteos/dsp/dsp0/liteos/liteos/out/dsp/lib/libposix.a(mutex.o)
                                 0x99 (size before relaxing)
                0x4050d230                pthread_mutex_init
 *fill*         0x4050d2c3        0xd 
 .text.pthread_mutex_lock
                0x4050d2d0       0x98 /home/zhou/WZ405/405_project/mpp/out/liteos/dsp/dsp0/liteos/liteos/out/dsp/lib/libposix.a(mutex.o)
                                 0xa4 (size before relaxing)
                0x4050d2d0                pthread_mutex_lock
 *fill*         0x4050d368        0x8 
 .text.pthread_mutex_unlock
                0x4050d370      0x2f1 /home/zhou/WZ405/405_project/mpp/out/liteos/dsp/dsp0/liteos/liteos/out/dsp/lib/libposix.a(mutex.o)
                                0x2f7 (size before relaxing)
                0x4050d370                pthread_mutex_unlock
 *fill*         0x4050d661        0xf 
 .text.osMuxPendForPosix
                0x4050d670      0x2fe /home/zhou/WZ405/405_project/mpp/out/liteos/dsp/dsp0/liteos/liteos/out/dsp/lib/libposix.a(mutex.o)
                                0x314 (size before relaxing)
 *fill*         0x4050d96e        0x2 
 .text.__init_waitqueue_head
                0x4050d970       0x20 /home/zhou/WZ405/405_project/mpp/out/liteos/dsp/dsp0/liteos/liteos/out/dsp/lib/libposix.a(mutex.o)
                                 0x2c (size before relaxing)
                0x4050d970                __init_waitqueue_head
 *fill*         0x4050d990        0x0 
 .text.__wake_up_interruptible
                0x4050d990       0x12 /home/zhou/WZ405/405_project/mpp/out/liteos/dsp/dsp0/liteos/liteos/out/dsp/lib/libposix.a(mutex.o)
                                 0x18 (size before relaxing)
                0x4050d990                __wake_up_interruptible
 *fill*         0x4050d9a2        0xe 
 .text.usleep   0x4050d9b0       0xb1 /home/zhou/WZ405/405_project/mpp/out/liteos/dsp/dsp0/liteos/liteos/out/dsp/lib/libposix.a(time.o)
                                 0xbd (size before relaxing)
                0x4050d9b0                usleep
 *fill*         0x4050da61        0xf 
 .text.map_errno
                0x4050da70      0x3cb /home/zhou/WZ405/405_project/mpp/out/liteos/dsp/dsp0/liteos/liteos/out/dsp/lib/libposix.a(map_error.o)
                                0x3d1 (size before relaxing)
                0x4050da70                map_errno
 *fill*         0x4050de3b        0x5 
 .text.serial_init
                0x4050de40       0x33 /home/zhou/WZ405/405_project/mpp/out/liteos/dsp/dsp0/liteos/liteos/out/dsp/lib/libuart.a(uart-pl011.o)
                0x4050de40                serial_init
 *fill*         0x4050de73        0xd 
 .text.outbyte  0x4050de80       0x54 /home/zhou/WZ405/405_project/mpp/out/liteos/dsp/dsp0/liteos/liteos/out/dsp/lib/libuart.a(uart-pl011.o)
                0x4050de80                outbyte
 *fill*         0x4050ded4        0xc 
 .text.SVP_DSP_ALGO_Init
                0x4050dee0        0xa /home/zhou/WZ405/405_project/mpp/out/liteos/dsp/dsp0/algo/libdsp_algo.a(svp_dsp_algo.o)
                                 0x10 (size before relaxing)
                0x4050dee0                SVP_DSP_ALGO_Init
 *fill*         0x4050deea        0x6 
 .text.SVP_DSP_ALGO_DeInit
                0x4050def0        0xa /home/zhou/WZ405/405_project/mpp/out/liteos/dsp/dsp0/algo/libdsp_algo.a(svp_dsp_algo.o)
                                 0x10 (size before relaxing)
                0x4050def0                SVP_DSP_ALGO_DeInit
 *fill*         0x4050defa        0x6 
 .text.SVP_DSP_ALGO_Process
                0x4050df00       0xa1 /home/zhou/WZ405/405_project/mpp/out/liteos/dsp/dsp0/algo/libdsp_algo.a(svp_dsp_algo.o)
                                 0xa7 (size before relaxing)
                0x4050df00                SVP_DSP_ALGO_Process
 *fill*         0x4050dfa1        0xf 
 .text.idma_copy_2d_desc
                0x4050dfb0       0xb3 /home/zhou/WZ405/405_project/mpp/out/liteos/dsp/dsp0/algo/libdsp_algo.a(tileManager.o)
 *fill*         0x4050e063        0xd 
 .text.copyBufferEdgeDataH
                0x4050e070      0x23d /home/zhou/WZ405/405_project/mpp/out/liteos/dsp/dsp0/algo/libdsp_algo.a(tileManager.o)
                0x4050e070                copyBufferEdgeDataH
 *fill*         0x4050e2ad        0x3 
 .text.copyBufferEdgeDataV
                0x4050e2b0      0x234 /home/zhou/WZ405/405_project/mpp/out/liteos/dsp/dsp0/algo/libdsp_algo.a(tileManager.o)
                0x4050e2b0                copyBufferEdgeDataV
 *fill*         0x4050e4e4        0xc 
 .text.xvInitIdma
                0x4050e4f0       0x9e /home/zhou/WZ405/405_project/mpp/out/liteos/dsp/dsp0/algo/libdsp_algo.a(tileManager.o)
                0x4050e4f0                xvInitIdma
 *fill*         0x4050e58e        0x2 
 .text.xvInitTileManager
                0x4050e590       0x8f /home/zhou/WZ405/405_project/mpp/out/liteos/dsp/dsp0/algo/libdsp_algo.a(tileManager.o)
                0x4050e590                xvInitTileManager
 *fill*         0x4050e61f        0x1 
 .text.xvInitMemAllocator
                0x4050e620       0xbd /home/zhou/WZ405/405_project/mpp/out/liteos/dsp/dsp0/algo/libdsp_algo.a(tileManager.o)
                0x4050e620                xvInitMemAllocator
 *fill*         0x4050e6dd        0x3 
 .text.xvAllocateBuffer
                0x4050e6e0       0xed /home/zhou/WZ405/405_project/mpp/out/liteos/dsp/dsp0/algo/libdsp_algo.a(tileManager.o)
                0x4050e6e0                xvAllocateBuffer
 *fill*         0x4050e7cd        0x3 
 .text.xvFreeBuffer
                0x4050e7d0       0xb1 /home/zhou/WZ405/405_project/mpp/out/liteos/dsp/dsp0/algo/libdsp_algo.a(tileManager.o)
                0x4050e7d0                xvFreeBuffer
 *fill*         0x4050e881        0xf 
 .text.xvAllocateTile
                0x4050e890       0xa6 /home/zhou/WZ405/405_project/mpp/out/liteos/dsp/dsp0/algo/libdsp_algo.a(tileManager.o)
                0x4050e890                xvAllocateTile
 *fill*         0x4050e936        0xa 
 .text.xvFreeTile
                0x4050e940       0xce /home/zhou/WZ405/405_project/mpp/out/liteos/dsp/dsp0/algo/libdsp_algo.a(tileManager.o)
                0x4050e940                xvFreeTile
 *fill*         0x4050ea0e        0x2 
 .text.xvAddIdmaRequest
                0x4050ea10       0xa0 /home/zhou/WZ405/405_project/mpp/out/liteos/dsp/dsp0/algo/libdsp_algo.a(tileManager.o)
                0x4050ea10                xvAddIdmaRequest
 .text.addIdmaRequestInline
                0x4050eab0       0xc0 /home/zhou/WZ405/405_project/mpp/out/liteos/dsp/dsp0/algo/libdsp_algo.a(tileManager.o)
                0x4050eab0                addIdmaRequestInline
 .text.solveForX
                0x4050eb70      0x499 /home/zhou/WZ405/405_project/mpp/out/liteos/dsp/dsp0/algo/libdsp_algo.a(tileManager.o)
                                0x49f (size before relaxing)
                0x4050eb70                solveForX
 *fill*         0x4050f009        0x7 
 .text.xvIdmaCopyData
                0x4050f010       0xad /home/zhou/WZ405/405_project/mpp/out/liteos/dsp/dsp0/algo/libdsp_algo.a(tileManager.o)
                0x4050f010                xvIdmaCopyData
 *fill*         0x4050f0bd        0x3 
 .text.xvCheckFor1DIdmaIndex
                0x4050f0c0       0x37 /home/zhou/WZ405/405_project/mpp/out/liteos/dsp/dsp0/algo/libdsp_algo.a(tileManager.o)
                0x4050f0c0                xvCheckFor1DIdmaIndex
 *fill*         0x4050f0f7        0x9 
 .text.xvReqTileTransferIn
                0x4050f100      0xe25 /home/zhou/WZ405/405_project/mpp/out/liteos/dsp/dsp0/algo/libdsp_algo.a(tileManager.o)
                                0xe2b (size before relaxing)
                0x4050f100                xvReqTileTransferIn
 *fill*         0x4050ff25        0xb 
 .text.xvReqTileTransferOut
                0x4050ff30      0x1c6 /home/zhou/WZ405/405_project/mpp/out/liteos/dsp/dsp0/algo/libdsp_algo.a(tileManager.o)
                0x4050ff30                xvReqTileTransferOut
 *fill*         0x405100f6        0xa 
 .text.xvCheckForIdmaIndex
                0x40510100       0x3d /home/zhou/WZ405/405_project/mpp/out/liteos/dsp/dsp0/algo/libdsp_algo.a(tileManager.o)
                0x40510100                xvCheckForIdmaIndex
 *fill*         0x4051013d        0x3 
 .text.xvCheckTileReady
                0x40510140      0x525 /home/zhou/WZ405/405_project/mpp/out/liteos/dsp/dsp0/algo/libdsp_algo.a(tileManager.o)
                0x40510140                xvCheckTileReady
 *fill*         0x40510665        0xb 
 .text.xmem_heap3_init
                0x40510670      0x17e /home/zhou/WZ405/405_project/mpp/out/liteos/dsp/dsp0/algo/libdsp_algo.a(xmem_heap3.o)
                0x40510670                xmem_heap3_init
 *fill*         0x405107ee        0x2 
 .text.xmem_heap3_alloc
                0x405107f0      0x323 /home/zhou/WZ405/405_project/mpp/out/liteos/dsp/dsp0/algo/libdsp_algo.a(xmem_heap3.o)